<!doctype html public "-//w3c//dtd html 4.0 transitional//en">
<html><head>
<title>Static Call Graph - [.\Objects\empty_driverlib_src_LP_MSPM0L1306_nortos_keil.axf]</title></head>
<body><HR>
<H1>Static Call Graph for image .\Objects\empty_driverlib_src_LP_MSPM0L1306_nortos_keil.axf</H1><HR>
<BR><P>#&#060CALLGRAPH&#062# ARM Linker, 6210000: Last Updated: Fri Mar 15 16:49:39 2024
<BR><P>
<H3>Maximum Stack Usage =        516 bytes + Unknown(Cycles, Untraceable Function Pointers)</H3><H3>
Call chain for Maximum Stack Depth:</H3>
__rt_entry_main &rArr; main &rArr; save &rArr; DL_FlashCTL_programMemoryFromRAM &rArr; DL_FlashCTL_unprotectSector &rArr; DL_FlashCTL_getFlashSectorNumberInBank &rArr; DL_FactoryRegion_getMAINFlashSize &rArr; DL_CORE_configInstruction
<P>
<H3>
Mutually Recursive functions
</H3> <LI><a href="#[1]">NMI_Handler</a>&nbsp;&nbsp;&nbsp;&rArr;&nbsp;&nbsp;&nbsp;<a href="#[1]">NMI_Handler</a><BR>
 <LI><a href="#[2]">HardFault_Handler</a>&nbsp;&nbsp;&nbsp;&rArr;&nbsp;&nbsp;&nbsp;<a href="#[2]">HardFault_Handler</a><BR>
 <LI><a href="#[3]">SVC_Handler</a>&nbsp;&nbsp;&nbsp;&rArr;&nbsp;&nbsp;&nbsp;<a href="#[3]">SVC_Handler</a><BR>
 <LI><a href="#[4]">PendSV_Handler</a>&nbsp;&nbsp;&nbsp;&rArr;&nbsp;&nbsp;&nbsp;<a href="#[4]">PendSV_Handler</a><BR>
 <LI><a href="#[5]">SysTick_Handler</a>&nbsp;&nbsp;&nbsp;&rArr;&nbsp;&nbsp;&nbsp;<a href="#[5]">SysTick_Handler</a><BR>
</UL>
<P>
<H3>
Function Pointers
</H3><UL>
 <LI><a href="#[9]">ADC0_IRQHandler</a> from startup_mspm0l1306_uvision.o(.text) referenced from startup_mspm0l1306_uvision.o(RESET)
 <LI><a href="#[12]">DMA_IRQHandler</a> from startup_mspm0l1306_uvision.o(.text) referenced from startup_mspm0l1306_uvision.o(RESET)
 <LI><a href="#[6]">GROUP0_IRQHandler</a> from startup_mspm0l1306_uvision.o(.text) referenced from startup_mspm0l1306_uvision.o(RESET)
 <LI><a href="#[7]">GROUP1_IRQHandler</a> from startup_mspm0l1306_uvision.o(.text) referenced from startup_mspm0l1306_uvision.o(RESET)
 <LI><a href="#[2]">HardFault_Handler</a> from startup_mspm0l1306_uvision.o(.text) referenced from startup_mspm0l1306_uvision.o(RESET)
 <LI><a href="#[10]">I2C0_IRQHandler</a> from startup_mspm0l1306_uvision.o(.text) referenced from startup_mspm0l1306_uvision.o(RESET)
 <LI><a href="#[11]">I2C1_IRQHandler</a> from i2c_communication.o(.text.I2C1_IRQHandler) referenced from startup_mspm0l1306_uvision.o(RESET)
 <LI><a href="#[1]">NMI_Handler</a> from startup_mspm0l1306_uvision.o(.text) referenced from startup_mspm0l1306_uvision.o(RESET)
 <LI><a href="#[4]">PendSV_Handler</a> from startup_mspm0l1306_uvision.o(.text) referenced from startup_mspm0l1306_uvision.o(RESET)
 <LI><a href="#[0]">Reset_Handler</a> from startup_mspm0l1306_uvision.o(.text) referenced from startup_mspm0l1306_uvision.o(RESET)
 <LI><a href="#[a]">SPI0_IRQHandler</a> from startup_mspm0l1306_uvision.o(.text) referenced from startup_mspm0l1306_uvision.o(RESET)
 <LI><a href="#[3]">SVC_Handler</a> from startup_mspm0l1306_uvision.o(.text) referenced from startup_mspm0l1306_uvision.o(RESET)
 <LI><a href="#[5]">SysTick_Handler</a> from startup_mspm0l1306_uvision.o(.text) referenced from startup_mspm0l1306_uvision.o(RESET)
 <LI><a href="#[d]">TIMG0_IRQHandler</a> from startup_mspm0l1306_uvision.o(.text) referenced from startup_mspm0l1306_uvision.o(RESET)
 <LI><a href="#[8]">TIMG1_IRQHandler</a> from empty.o(.text.TIMG1_IRQHandler) referenced from startup_mspm0l1306_uvision.o(RESET)
 <LI><a href="#[e]">TIMG2_IRQHandler</a> from startup_mspm0l1306_uvision.o(.text) referenced from startup_mspm0l1306_uvision.o(RESET)
 <LI><a href="#[f]">TIMG4_IRQHandler</a> from startup_mspm0l1306_uvision.o(.text) referenced from startup_mspm0l1306_uvision.o(RESET)
 <LI><a href="#[c]">UART0_IRQHandler</a> from empty.o(.text.UART0_IRQHandler) referenced from startup_mspm0l1306_uvision.o(RESET)
 <LI><a href="#[b]">UART1_IRQHandler</a> from startup_mspm0l1306_uvision.o(.text) referenced from startup_mspm0l1306_uvision.o(RESET)
 <LI><a href="#[13]">__main</a> from __main.o(!!!main) referenced from startup_mspm0l1306_uvision.o(.text)
</UL>
<P>
<H3>
Global Symbols
</H3>
<P><STRONG><a name="[13]"></a>__main</STRONG> (Thumb, 8 bytes, Stack size 0 bytes, __main.o(!!!main))
<BR><BR>[Calls]<UL><LI><a href="#[14]">&gt;&gt;</a>&nbsp;&nbsp;&nbsp;__scatterload
<LI><a href="#[15]">&gt;&gt;</a>&nbsp;&nbsp;&nbsp;__rt_entry
</UL>
<BR>[Address Reference Count : 1]<UL><LI> startup_mspm0l1306_uvision.o(.text)
</UL>
<P><STRONG><a name="[14]"></a>__scatterload</STRONG> (Thumb, 0 bytes, Stack size unknown bytes, __scatter.o(!!!scatter))
<BR><BR>[Called By]<UL><LI><a href="#[13]">&gt;&gt;</a>&nbsp;&nbsp;&nbsp;__main
</UL>

<P><STRONG><a name="[16]"></a>__scatterload_rt2</STRONG> (Thumb, 74 bytes, Stack size unknown bytes, __scatter.o(!!!scatter), UNUSED)
<BR><BR>[Calls]<UL><LI><a href="#[15]">&gt;&gt;</a>&nbsp;&nbsp;&nbsp;__rt_entry
</UL>

<P><STRONG><a name="[b4]"></a>__scatterload_rt2_thumb_only</STRONG> (Thumb, 0 bytes, Stack size unknown bytes, __scatter.o(!!!scatter), UNUSED)

<P><STRONG><a name="[b5]"></a>__scatterload_loop</STRONG> (Thumb, 0 bytes, Stack size unknown bytes, __scatter.o(!!!scatter), UNUSED)

<P><STRONG><a name="[17]"></a>__scatterload_copy</STRONG> (Thumb, 26 bytes, Stack size unknown bytes, __scatter_copy.o(!!handler_copy), UNUSED)
<BR><BR>[Calls]<UL><LI><a href="#[17]">&gt;&gt;</a>&nbsp;&nbsp;&nbsp;__scatterload_copy
</UL>
<BR>[Called By]<UL><LI><a href="#[17]">&gt;&gt;</a>&nbsp;&nbsp;&nbsp;__scatterload_copy
</UL>

<P><STRONG><a name="[b6]"></a>__scatterload_null</STRONG> (Thumb, 2 bytes, Stack size unknown bytes, __scatter.o(!!handler_null), UNUSED)

<P><STRONG><a name="[b7]"></a>__scatterload_zeroinit</STRONG> (Thumb, 28 bytes, Stack size unknown bytes, __scatter_zi.o(!!handler_zi), UNUSED)

<P><STRONG><a name="[1b]"></a>__rt_lib_init</STRONG> (Thumb, 0 bytes, Stack size unknown bytes, libinit.o(.ARM.Collect$$libinit$$00000000))
<BR><BR>[Called By]<UL><LI><a href="#[1a]">&gt;&gt;</a>&nbsp;&nbsp;&nbsp;__rt_entry_li
</UL>

<P><STRONG><a name="[b8]"></a>__rt_lib_init_alloca_1</STRONG> (Thumb, 0 bytes, Stack size unknown bytes, libinit2.o(.ARM.Collect$$libinit$$00000030))

<P><STRONG><a name="[b9]"></a>__rt_lib_init_argv_1</STRONG> (Thumb, 0 bytes, Stack size unknown bytes, libinit2.o(.ARM.Collect$$libinit$$0000002E))

<P><STRONG><a name="[ba]"></a>__rt_lib_init_atexit_1</STRONG> (Thumb, 0 bytes, Stack size unknown bytes, libinit2.o(.ARM.Collect$$libinit$$0000001D))

<P><STRONG><a name="[bb]"></a>__rt_lib_init_clock_1</STRONG> (Thumb, 0 bytes, Stack size unknown bytes, libinit2.o(.ARM.Collect$$libinit$$00000023))

<P><STRONG><a name="[bc]"></a>__rt_lib_init_cpp_1</STRONG> (Thumb, 0 bytes, Stack size unknown bytes, libinit2.o(.ARM.Collect$$libinit$$00000034))

<P><STRONG><a name="[bd]"></a>__rt_lib_init_exceptions_1</STRONG> (Thumb, 0 bytes, Stack size unknown bytes, libinit2.o(.ARM.Collect$$libinit$$00000032))

<P><STRONG><a name="[be]"></a>__rt_lib_init_fp_1</STRONG> (Thumb, 0 bytes, Stack size unknown bytes, libinit2.o(.ARM.Collect$$libinit$$00000002))

<P><STRONG><a name="[bf]"></a>__rt_lib_init_fp_trap_1</STRONG> (Thumb, 0 bytes, Stack size unknown bytes, libinit2.o(.ARM.Collect$$libinit$$00000021))

<P><STRONG><a name="[c0]"></a>__rt_lib_init_getenv_1</STRONG> (Thumb, 0 bytes, Stack size unknown bytes, libinit2.o(.ARM.Collect$$libinit$$00000025))

<P><STRONG><a name="[c1]"></a>__rt_lib_init_heap_1</STRONG> (Thumb, 0 bytes, Stack size unknown bytes, libinit2.o(.ARM.Collect$$libinit$$0000000C))

<P><STRONG><a name="[c2]"></a>__rt_lib_init_lc_collate_1</STRONG> (Thumb, 0 bytes, Stack size unknown bytes, libinit2.o(.ARM.Collect$$libinit$$00000013))

<P><STRONG><a name="[c3]"></a>__rt_lib_init_lc_ctype_1</STRONG> (Thumb, 0 bytes, Stack size unknown bytes, libinit2.o(.ARM.Collect$$libinit$$00000015))

<P><STRONG><a name="[c4]"></a>__rt_lib_init_lc_monetary_1</STRONG> (Thumb, 0 bytes, Stack size unknown bytes, libinit2.o(.ARM.Collect$$libinit$$00000017))

<P><STRONG><a name="[c5]"></a>__rt_lib_init_lc_numeric_1</STRONG> (Thumb, 0 bytes, Stack size unknown bytes, libinit2.o(.ARM.Collect$$libinit$$00000019))

<P><STRONG><a name="[c6]"></a>__rt_lib_init_lc_time_1</STRONG> (Thumb, 0 bytes, Stack size unknown bytes, libinit2.o(.ARM.Collect$$libinit$$0000001B))

<P><STRONG><a name="[c7]"></a>__rt_lib_init_preinit_1</STRONG> (Thumb, 0 bytes, Stack size unknown bytes, libinit2.o(.ARM.Collect$$libinit$$00000006))

<P><STRONG><a name="[c8]"></a>__rt_lib_init_rand_1</STRONG> (Thumb, 0 bytes, Stack size unknown bytes, libinit2.o(.ARM.Collect$$libinit$$00000010))

<P><STRONG><a name="[c9]"></a>__rt_lib_init_relocate_pie_1</STRONG> (Thumb, 0 bytes, Stack size unknown bytes, libinit2.o(.ARM.Collect$$libinit$$00000004))

<P><STRONG><a name="[ca]"></a>__rt_lib_init_return</STRONG> (Thumb, 0 bytes, Stack size unknown bytes, libinit2.o(.ARM.Collect$$libinit$$00000035))

<P><STRONG><a name="[cb]"></a>__rt_lib_init_signal_1</STRONG> (Thumb, 0 bytes, Stack size unknown bytes, libinit2.o(.ARM.Collect$$libinit$$0000001F))

<P><STRONG><a name="[cc]"></a>__rt_lib_init_stdio_1</STRONG> (Thumb, 0 bytes, Stack size unknown bytes, libinit2.o(.ARM.Collect$$libinit$$00000027))

<P><STRONG><a name="[cd]"></a>__rt_lib_init_user_alloc_1</STRONG> (Thumb, 0 bytes, Stack size unknown bytes, libinit2.o(.ARM.Collect$$libinit$$0000000E))

<P><STRONG><a name="[20]"></a>__rt_lib_shutdown</STRONG> (Thumb, 0 bytes, Stack size unknown bytes, libshutdown.o(.ARM.Collect$$libshutdown$$00000000))
<BR><BR>[Called By]<UL><LI><a href="#[1f]">&gt;&gt;</a>&nbsp;&nbsp;&nbsp;__rt_exit_ls
</UL>

<P><STRONG><a name="[ce]"></a>__rt_lib_shutdown_cpp_1</STRONG> (Thumb, 0 bytes, Stack size unknown bytes, libshutdown2.o(.ARM.Collect$$libshutdown$$00000002))

<P><STRONG><a name="[cf]"></a>__rt_lib_shutdown_fp_trap_1</STRONG> (Thumb, 0 bytes, Stack size unknown bytes, libshutdown2.o(.ARM.Collect$$libshutdown$$00000007))

<P><STRONG><a name="[d0]"></a>__rt_lib_shutdown_heap_1</STRONG> (Thumb, 0 bytes, Stack size unknown bytes, libshutdown2.o(.ARM.Collect$$libshutdown$$0000000F))

<P><STRONG><a name="[d1]"></a>__rt_lib_shutdown_return</STRONG> (Thumb, 0 bytes, Stack size unknown bytes, libshutdown2.o(.ARM.Collect$$libshutdown$$00000010))

<P><STRONG><a name="[d2]"></a>__rt_lib_shutdown_signal_1</STRONG> (Thumb, 0 bytes, Stack size unknown bytes, libshutdown2.o(.ARM.Collect$$libshutdown$$0000000A))

<P><STRONG><a name="[d3]"></a>__rt_lib_shutdown_stdio_1</STRONG> (Thumb, 0 bytes, Stack size unknown bytes, libshutdown2.o(.ARM.Collect$$libshutdown$$00000004))

<P><STRONG><a name="[d4]"></a>__rt_lib_shutdown_user_alloc_1</STRONG> (Thumb, 0 bytes, Stack size unknown bytes, libshutdown2.o(.ARM.Collect$$libshutdown$$0000000C))

<P><STRONG><a name="[15]"></a>__rt_entry</STRONG> (Thumb, 0 bytes, Stack size unknown bytes, __rtentry.o(.ARM.Collect$$rtentry$$00000000))
<BR><BR>[Called By]<UL><LI><a href="#[16]">&gt;&gt;</a>&nbsp;&nbsp;&nbsp;__scatterload_rt2
<LI><a href="#[13]">&gt;&gt;</a>&nbsp;&nbsp;&nbsp;__main
</UL>

<P><STRONG><a name="[d5]"></a>__rt_entry_presh_1</STRONG> (Thumb, 0 bytes, Stack size unknown bytes, __rtentry2.o(.ARM.Collect$$rtentry$$00000002))

<P><STRONG><a name="[18]"></a>__rt_entry_sh</STRONG> (Thumb, 0 bytes, Stack size unknown bytes, __rtentry4.o(.ARM.Collect$$rtentry$$00000004))
<BR><BR>[Stack]<UL><LI>Max Depth = 8 + Unknown Stack Size
<LI>Call Chain = __rt_entry_sh &rArr; __user_setup_stackheap
</UL>
<BR>[Calls]<UL><LI><a href="#[19]">&gt;&gt;</a>&nbsp;&nbsp;&nbsp;__user_setup_stackheap
</UL>

<P><STRONG><a name="[1a]"></a>__rt_entry_li</STRONG> (Thumb, 0 bytes, Stack size unknown bytes, __rtentry2.o(.ARM.Collect$$rtentry$$0000000A))
<BR><BR>[Calls]<UL><LI><a href="#[1b]">&gt;&gt;</a>&nbsp;&nbsp;&nbsp;__rt_lib_init
</UL>

<P><STRONG><a name="[d6]"></a>__rt_entry_postsh_1</STRONG> (Thumb, 0 bytes, Stack size unknown bytes, __rtentry2.o(.ARM.Collect$$rtentry$$00000009))

<P><STRONG><a name="[1c]"></a>__rt_entry_main</STRONG> (Thumb, 0 bytes, Stack size unknown bytes, __rtentry2.o(.ARM.Collect$$rtentry$$0000000D))
<BR><BR>[Stack]<UL><LI>Max Depth = 516 + Unknown Stack Size
<LI>Call Chain = __rt_entry_main &rArr; main &rArr; save &rArr; DL_FlashCTL_programMemoryFromRAM &rArr; DL_FlashCTL_unprotectSector &rArr; DL_FlashCTL_getFlashSectorNumberInBank &rArr; DL_FactoryRegion_getMAINFlashSize &rArr; DL_CORE_configInstruction
</UL>
<BR>[Calls]<UL><LI><a href="#[1d]">&gt;&gt;</a>&nbsp;&nbsp;&nbsp;main
<LI><a href="#[1e]">&gt;&gt;</a>&nbsp;&nbsp;&nbsp;exit
</UL>

<P><STRONG><a name="[d7]"></a>__rt_entry_postli_1</STRONG> (Thumb, 0 bytes, Stack size unknown bytes, __rtentry2.o(.ARM.Collect$$rtentry$$0000000C))

<P><STRONG><a name="[2b]"></a>__rt_exit</STRONG> (Thumb, 0 bytes, Stack size unknown bytes, rtexit.o(.ARM.Collect$$rtexit$$00000000))
<BR><BR>[Called By]<UL><LI><a href="#[1e]">&gt;&gt;</a>&nbsp;&nbsp;&nbsp;exit
</UL>

<P><STRONG><a name="[1f]"></a>__rt_exit_ls</STRONG> (Thumb, 0 bytes, Stack size unknown bytes, rtexit2.o(.ARM.Collect$$rtexit$$00000003))
<BR><BR>[Calls]<UL><LI><a href="#[20]">&gt;&gt;</a>&nbsp;&nbsp;&nbsp;__rt_lib_shutdown
</UL>

<P><STRONG><a name="[d8]"></a>__rt_exit_prels_1</STRONG> (Thumb, 0 bytes, Stack size unknown bytes, rtexit2.o(.ARM.Collect$$rtexit$$00000002))

<P><STRONG><a name="[21]"></a>__rt_exit_exit</STRONG> (Thumb, 0 bytes, Stack size unknown bytes, rtexit2.o(.ARM.Collect$$rtexit$$00000004))
<BR><BR>[Calls]<UL><LI><a href="#[22]">&gt;&gt;</a>&nbsp;&nbsp;&nbsp;_sys_exit
</UL>

<P><STRONG><a name="[0]"></a>Reset_Handler</STRONG> (Thumb, 4 bytes, Stack size 0 bytes, startup_mspm0l1306_uvision.o(.text))
<BR>[Address Reference Count : 1]<UL><LI> startup_mspm0l1306_uvision.o(RESET)
</UL>
<P><STRONG><a name="[1]"></a>NMI_Handler</STRONG> (Thumb, 2 bytes, Stack size 0 bytes, startup_mspm0l1306_uvision.o(.text))
<BR><BR>[Calls]<UL><LI><a href="#[1]">&gt;&gt;</a>&nbsp;&nbsp;&nbsp;NMI_Handler
</UL>
<BR>[Called By]<UL><LI><a href="#[1]">&gt;&gt;</a>&nbsp;&nbsp;&nbsp;NMI_Handler
</UL>
<BR>[Address Reference Count : 1]<UL><LI> startup_mspm0l1306_uvision.o(RESET)
</UL>
<P><STRONG><a name="[2]"></a>HardFault_Handler</STRONG> (Thumb, 2 bytes, Stack size 0 bytes, startup_mspm0l1306_uvision.o(.text))
<BR><BR>[Calls]<UL><LI><a href="#[2]">&gt;&gt;</a>&nbsp;&nbsp;&nbsp;HardFault_Handler
</UL>
<BR>[Called By]<UL><LI><a href="#[2]">&gt;&gt;</a>&nbsp;&nbsp;&nbsp;HardFault_Handler
</UL>
<BR>[Address Reference Count : 1]<UL><LI> startup_mspm0l1306_uvision.o(RESET)
</UL>
<P><STRONG><a name="[3]"></a>SVC_Handler</STRONG> (Thumb, 2 bytes, Stack size 0 bytes, startup_mspm0l1306_uvision.o(.text))
<BR><BR>[Calls]<UL><LI><a href="#[3]">&gt;&gt;</a>&nbsp;&nbsp;&nbsp;SVC_Handler
</UL>
<BR>[Called By]<UL><LI><a href="#[3]">&gt;&gt;</a>&nbsp;&nbsp;&nbsp;SVC_Handler
</UL>
<BR>[Address Reference Count : 1]<UL><LI> startup_mspm0l1306_uvision.o(RESET)
</UL>
<P><STRONG><a name="[4]"></a>PendSV_Handler</STRONG> (Thumb, 2 bytes, Stack size 0 bytes, startup_mspm0l1306_uvision.o(.text))
<BR><BR>[Calls]<UL><LI><a href="#[4]">&gt;&gt;</a>&nbsp;&nbsp;&nbsp;PendSV_Handler
</UL>
<BR>[Called By]<UL><LI><a href="#[4]">&gt;&gt;</a>&nbsp;&nbsp;&nbsp;PendSV_Handler
</UL>
<BR>[Address Reference Count : 1]<UL><LI> startup_mspm0l1306_uvision.o(RESET)
</UL>
<P><STRONG><a name="[5]"></a>SysTick_Handler</STRONG> (Thumb, 2 bytes, Stack size 0 bytes, startup_mspm0l1306_uvision.o(.text))
<BR><BR>[Calls]<UL><LI><a href="#[5]">&gt;&gt;</a>&nbsp;&nbsp;&nbsp;SysTick_Handler
</UL>
<BR>[Called By]<UL><LI><a href="#[5]">&gt;&gt;</a>&nbsp;&nbsp;&nbsp;SysTick_Handler
</UL>
<BR>[Address Reference Count : 1]<UL><LI> startup_mspm0l1306_uvision.o(RESET)
</UL>
<P><STRONG><a name="[9]"></a>ADC0_IRQHandler</STRONG> (Thumb, 0 bytes, Stack size 0 bytes, startup_mspm0l1306_uvision.o(.text))
<BR>[Address Reference Count : 1]<UL><LI> startup_mspm0l1306_uvision.o(RESET)
</UL>
<P><STRONG><a name="[12]"></a>DMA_IRQHandler</STRONG> (Thumb, 0 bytes, Stack size 0 bytes, startup_mspm0l1306_uvision.o(.text))
<BR>[Address Reference Count : 1]<UL><LI> startup_mspm0l1306_uvision.o(RESET)
</UL>
<P><STRONG><a name="[23]"></a>Default_Handler</STRONG> (Thumb, 2 bytes, Stack size 0 bytes, startup_mspm0l1306_uvision.o(.text), UNUSED)
<BR><BR>[Calls]<UL><LI><a href="#[23]">&gt;&gt;</a>&nbsp;&nbsp;&nbsp;Default_Handler
</UL>
<BR>[Called By]<UL><LI><a href="#[23]">&gt;&gt;</a>&nbsp;&nbsp;&nbsp;Default_Handler
</UL>

<P><STRONG><a name="[6]"></a>GROUP0_IRQHandler</STRONG> (Thumb, 0 bytes, Stack size 0 bytes, startup_mspm0l1306_uvision.o(.text))
<BR>[Address Reference Count : 1]<UL><LI> startup_mspm0l1306_uvision.o(RESET)
</UL>
<P><STRONG><a name="[7]"></a>GROUP1_IRQHandler</STRONG> (Thumb, 0 bytes, Stack size 0 bytes, startup_mspm0l1306_uvision.o(.text))
<BR>[Address Reference Count : 1]<UL><LI> startup_mspm0l1306_uvision.o(RESET)
</UL>
<P><STRONG><a name="[10]"></a>I2C0_IRQHandler</STRONG> (Thumb, 0 bytes, Stack size 0 bytes, startup_mspm0l1306_uvision.o(.text))
<BR>[Address Reference Count : 1]<UL><LI> startup_mspm0l1306_uvision.o(RESET)
</UL>
<P><STRONG><a name="[a]"></a>SPI0_IRQHandler</STRONG> (Thumb, 0 bytes, Stack size 0 bytes, startup_mspm0l1306_uvision.o(.text))
<BR>[Address Reference Count : 1]<UL><LI> startup_mspm0l1306_uvision.o(RESET)
</UL>
<P><STRONG><a name="[d]"></a>TIMG0_IRQHandler</STRONG> (Thumb, 0 bytes, Stack size 0 bytes, startup_mspm0l1306_uvision.o(.text))
<BR>[Address Reference Count : 1]<UL><LI> startup_mspm0l1306_uvision.o(RESET)
</UL>
<P><STRONG><a name="[e]"></a>TIMG2_IRQHandler</STRONG> (Thumb, 0 bytes, Stack size 0 bytes, startup_mspm0l1306_uvision.o(.text))
<BR>[Address Reference Count : 1]<UL><LI> startup_mspm0l1306_uvision.o(RESET)
</UL>
<P><STRONG><a name="[f]"></a>TIMG4_IRQHandler</STRONG> (Thumb, 0 bytes, Stack size 0 bytes, startup_mspm0l1306_uvision.o(.text))
<BR>[Address Reference Count : 1]<UL><LI> startup_mspm0l1306_uvision.o(RESET)
</UL>
<P><STRONG><a name="[b]"></a>UART1_IRQHandler</STRONG> (Thumb, 0 bytes, Stack size 0 bytes, startup_mspm0l1306_uvision.o(.text))
<BR>[Address Reference Count : 1]<UL><LI> startup_mspm0l1306_uvision.o(RESET)
</UL>
<P><STRONG><a name="[29]"></a>__user_initial_stackheap</STRONG> (Thumb, 10 bytes, Stack size 0 bytes, startup_mspm0l1306_uvision.o(.text))
<BR><BR>[Called By]<UL><LI><a href="#[19]">&gt;&gt;</a>&nbsp;&nbsp;&nbsp;__user_setup_stackheap
</UL>

<P><STRONG><a name="[25]"></a>_memset_w</STRONG> (Thumb, 26 bytes, Stack size 0 bytes, rt_memclr.o(.text), UNUSED)
<BR><BR>[Called By]<UL><LI><a href="#[27]">&gt;&gt;</a>&nbsp;&nbsp;&nbsp;__rt_memclr_w
<LI><a href="#[24]">&gt;&gt;</a>&nbsp;&nbsp;&nbsp;_memset
</UL>

<P><STRONG><a name="[24]"></a>_memset</STRONG> (Thumb, 30 bytes, Stack size 0 bytes, rt_memclr.o(.text), UNUSED)
<BR><BR>[Calls]<UL><LI><a href="#[25]">&gt;&gt;</a>&nbsp;&nbsp;&nbsp;_memset_w
</UL>
<BR>[Called By]<UL><LI><a href="#[26]">&gt;&gt;</a>&nbsp;&nbsp;&nbsp;__aeabi_memclr
</UL>

<P><STRONG><a name="[26]"></a>__aeabi_memclr</STRONG> (Thumb, 4 bytes, Stack size 0 bytes, rt_memclr.o(.text), UNUSED)
<BR><BR>[Calls]<UL><LI><a href="#[24]">&gt;&gt;</a>&nbsp;&nbsp;&nbsp;_memset
</UL>

<P><STRONG><a name="[d9]"></a>__rt_memclr</STRONG> (Thumb, 0 bytes, Stack size 0 bytes, rt_memclr.o(.text), UNUSED)

<P><STRONG><a name="[b3]"></a>__aeabi_memclr4</STRONG> (Thumb, 0 bytes, Stack size 0 bytes, rt_memclr.o(.text))
<BR><BR>[Called By]<UL><LI><a href="#[ad]">&gt;&gt;</a>&nbsp;&nbsp;&nbsp;save
</UL>

<P><STRONG><a name="[da]"></a>__aeabi_memclr8</STRONG> (Thumb, 0 bytes, Stack size 0 bytes, rt_memclr.o(.text), UNUSED)

<P><STRONG><a name="[27]"></a>__rt_memclr_w</STRONG> (Thumb, 4 bytes, Stack size 0 bytes, rt_memclr.o(.text), UNUSED)
<BR><BR>[Calls]<UL><LI><a href="#[25]">&gt;&gt;</a>&nbsp;&nbsp;&nbsp;_memset_w
</UL>

<P><STRONG><a name="[35]"></a>__aeabi_uidiv</STRONG> (Thumb, 0 bytes, Stack size 0 bytes, aeabi_sdiv.o(.text))
<BR><BR>[Called By]<UL><LI><a href="#[33]">&gt;&gt;</a>&nbsp;&nbsp;&nbsp;DL_FlashCTL_getFlashSectorNumberInBank
<LI><a href="#[61]">&gt;&gt;</a>&nbsp;&nbsp;&nbsp;delayUS
</UL>

<P><STRONG><a name="[36]"></a>__aeabi_uidivmod</STRONG> (Thumb, 20 bytes, Stack size 0 bytes, aeabi_sdiv.o(.text))
<BR><BR>[Called By]<UL><LI><a href="#[33]">&gt;&gt;</a>&nbsp;&nbsp;&nbsp;DL_FlashCTL_getFlashSectorNumberInBank
</UL>

<P><STRONG><a name="[a1]"></a>__aeabi_idiv</STRONG> (Thumb, 0 bytes, Stack size 8 bytes, aeabi_sdiv.o(.text))
<BR><BR>[Stack]<UL><LI>Max Depth = 8<LI>Call Chain = __aeabi_idiv
</UL>
<BR>[Called By]<UL><LI><a href="#[65]">&gt;&gt;</a>&nbsp;&nbsp;&nbsp;TransformtoFloat
</UL>

<P><STRONG><a name="[a2]"></a>__aeabi_idivmod</STRONG> (Thumb, 338 bytes, Stack size 8 bytes, aeabi_sdiv.o(.text))
<BR><BR>[Stack]<UL><LI>Max Depth = 8<LI>Call Chain = __aeabi_idivmod
</UL>
<BR>[Called By]<UL><LI><a href="#[65]">&gt;&gt;</a>&nbsp;&nbsp;&nbsp;TransformtoFloat
</UL>

<P><STRONG><a name="[db]"></a>__use_two_region_memory</STRONG> (Thumb, 2 bytes, Stack size 0 bytes, heapauxi.o(.text), UNUSED)

<P><STRONG><a name="[dc]"></a>__rt_heap_escrow$2region</STRONG> (Thumb, 2 bytes, Stack size 0 bytes, heapauxi.o(.text), UNUSED)

<P><STRONG><a name="[dd]"></a>__rt_heap_expand$2region</STRONG> (Thumb, 2 bytes, Stack size 0 bytes, heapauxi.o(.text), UNUSED)

<P><STRONG><a name="[19]"></a>__user_setup_stackheap</STRONG> (Thumb, 62 bytes, Stack size 8 bytes, sys_stackheap_outer.o(.text))
<BR><BR>[Stack]<UL><LI>Max Depth = 8<LI>Call Chain = __user_setup_stackheap
</UL>
<BR>[Calls]<UL><LI><a href="#[29]">&gt;&gt;</a>&nbsp;&nbsp;&nbsp;__user_initial_stackheap
<LI><a href="#[28]">&gt;&gt;</a>&nbsp;&nbsp;&nbsp;__user_perproc_libspace
</UL>
<BR>[Called By]<UL><LI><a href="#[18]">&gt;&gt;</a>&nbsp;&nbsp;&nbsp;__rt_entry_sh
</UL>

<P><STRONG><a name="[1e]"></a>exit</STRONG> (Thumb, 16 bytes, Stack size 8 bytes, exit.o(.text))
<BR><BR>[Stack]<UL><LI>Max Depth = 8 + Unknown Stack Size
<LI>Call Chain = exit
</UL>
<BR>[Calls]<UL><LI><a href="#[2b]">&gt;&gt;</a>&nbsp;&nbsp;&nbsp;__rt_exit
<LI><a href="#[2a]">&gt;&gt;</a>&nbsp;&nbsp;&nbsp;_call_atexit_fns (Weak Reference)
</UL>
<BR>[Called By]<UL><LI><a href="#[1c]">&gt;&gt;</a>&nbsp;&nbsp;&nbsp;__rt_entry_main
</UL>

<P><STRONG><a name="[de]"></a>__user_libspace</STRONG> (Thumb, 8 bytes, Stack size 0 bytes, libspace.o(.text), UNUSED)

<P><STRONG><a name="[28]"></a>__user_perproc_libspace</STRONG> (Thumb, 0 bytes, Stack size 0 bytes, libspace.o(.text))
<BR><BR>[Called By]<UL><LI><a href="#[19]">&gt;&gt;</a>&nbsp;&nbsp;&nbsp;__user_setup_stackheap
</UL>

<P><STRONG><a name="[df]"></a>__user_perthread_libspace</STRONG> (Thumb, 0 bytes, Stack size 0 bytes, libspace.o(.text), UNUSED)

<P><STRONG><a name="[22]"></a>_sys_exit</STRONG> (Thumb, 8 bytes, Stack size 0 bytes, sys_exit.o(.text))
<BR><BR>[Called By]<UL><LI><a href="#[21]">&gt;&gt;</a>&nbsp;&nbsp;&nbsp;__rt_exit_exit
</UL>

<P><STRONG><a name="[e0]"></a>__I$use$semihosting</STRONG> (Thumb, 0 bytes, Stack size 0 bytes, use_no_semi.o(.text), UNUSED)

<P><STRONG><a name="[e1]"></a>__use_no_semihosting_swi</STRONG> (Thumb, 2 bytes, Stack size 0 bytes, use_no_semi.o(.text), UNUSED)

<P><STRONG><a name="[e2]"></a>__semihosting_library_function</STRONG> (Thumb, 0 bytes, Stack size unknown bytes, indicate_semi.o(.text), UNUSED)

<P><STRONG><a name="[ae]"></a>Computeacc</STRONG> (Thumb, 88 bytes, Stack size 4 bytes, empty.o(.text.Computeacc))
<BR><BR>[Stack]<UL><LI>Max Depth = 4<LI>Call Chain = Computeacc
</UL>
<BR>[Called By]<UL><LI><a href="#[1d]">&gt;&gt;</a>&nbsp;&nbsp;&nbsp;main
</UL>

<P><STRONG><a name="[af]"></a>Computegyro</STRONG> (Thumb, 88 bytes, Stack size 4 bytes, empty.o(.text.Computegyro))
<BR><BR>[Stack]<UL><LI>Max Depth = 4<LI>Call Chain = Computegyro
</UL>
<BR>[Called By]<UL><LI><a href="#[1d]">&gt;&gt;</a>&nbsp;&nbsp;&nbsp;main
</UL>

<P><STRONG><a name="[a0]"></a>DL_Common_delayCycles</STRONG> (Thumb, 16 bytes, Stack size 4 bytes, dl_common.o(.text.DL_Common_delayCycles))
<BR><BR>[Stack]<UL><LI>Max Depth = 4<LI>Call Chain = DL_Common_delayCycles
</UL>
<BR>[Called By]<UL><LI><a href="#[97]">&gt;&gt;</a>&nbsp;&nbsp;&nbsp;SYSCFG_DL_initPower
<LI><a href="#[61]">&gt;&gt;</a>&nbsp;&nbsp;&nbsp;delayUS
<LI><a href="#[1d]">&gt;&gt;</a>&nbsp;&nbsp;&nbsp;main
</UL>

<P><STRONG><a name="[30]"></a>DL_FlashCTL_eraseMemoryFromRAM</STRONG> (Thumb, 44 bytes, Stack size 24 bytes, dl_flashctl.o(.text.DL_FlashCTL_eraseMemoryFromRAM))
<BR><BR>[Stack]<UL><LI>Max Depth = 32<LI>Call Chain = DL_FlashCTL_eraseMemoryFromRAM &rArr; DL_FlashCTL_executeCommandFromRAM
</UL>
<BR>[Calls]<UL><LI><a href="#[32]">&gt;&gt;</a>&nbsp;&nbsp;&nbsp;DL_FlashCTL_executeCommandFromRAM (via Veneer)
<LI><a href="#[31]">&gt;&gt;</a>&nbsp;&nbsp;&nbsp;DL_FlashCTL_setCommandAddress
</UL>
<BR>[Called By]<UL><LI><a href="#[67]">&gt;&gt;</a>&nbsp;&nbsp;&nbsp;EEPROM_TypeA_eraseAllSectors
</UL>

<P><STRONG><a name="[3a]"></a>DL_FlashCTL_programMemoryFromRAM</STRONG> (Thumb, 178 bytes, Stack size 40 bytes, dl_flashctl.o(.text.DL_FlashCTL_programMemoryFromRAM))
<BR><BR>[Stack]<UL><LI>Max Depth = 156<LI>Call Chain = DL_FlashCTL_programMemoryFromRAM &rArr; DL_FlashCTL_unprotectSector &rArr; DL_FlashCTL_getFlashSectorNumberInBank &rArr; DL_FactoryRegion_getMAINFlashSize &rArr; DL_CORE_configInstruction
</UL>
<BR>[Calls]<UL><LI><a href="#[3c]">&gt;&gt;</a>&nbsp;&nbsp;&nbsp;DL_FlashCTL_programMemoryFromRAM32
<LI><a href="#[3d]">&gt;&gt;</a>&nbsp;&nbsp;&nbsp;DL_FlashCTL_programMemoryFromRAM64
<LI><a href="#[3b]">&gt;&gt;</a>&nbsp;&nbsp;&nbsp;DL_FlashCTL_unprotectSector
</UL>
<BR>[Called By]<UL><LI><a href="#[ad]">&gt;&gt;</a>&nbsp;&nbsp;&nbsp;save
</UL>

<P><STRONG><a name="[3c]"></a>DL_FlashCTL_programMemoryFromRAM32</STRONG> (Thumb, 32 bytes, Stack size 24 bytes, dl_flashctl.o(.text.DL_FlashCTL_programMemoryFromRAM32))
<BR><BR>[Stack]<UL><LI>Max Depth = 80<LI>Call Chain = DL_FlashCTL_programMemoryFromRAM32 &rArr; DL_FlashCTL_programMemory32Config &rArr; DL_FlashCTL_programMemoryConfig &rArr; DL_FlashCTL_setCommandAddress
</UL>
<BR>[Calls]<UL><LI><a href="#[37]">&gt;&gt;</a>&nbsp;&nbsp;&nbsp;DL_FlashCTL_programMemory32Config
<LI><a href="#[32]">&gt;&gt;</a>&nbsp;&nbsp;&nbsp;DL_FlashCTL_executeCommandFromRAM (via Veneer)
</UL>
<BR>[Called By]<UL><LI><a href="#[3a]">&gt;&gt;</a>&nbsp;&nbsp;&nbsp;DL_FlashCTL_programMemoryFromRAM
</UL>

<P><STRONG><a name="[3d]"></a>DL_FlashCTL_programMemoryFromRAM64</STRONG> (Thumb, 32 bytes, Stack size 24 bytes, dl_flashctl.o(.text.DL_FlashCTL_programMemoryFromRAM64))
<BR><BR>[Stack]<UL><LI>Max Depth = 80<LI>Call Chain = DL_FlashCTL_programMemoryFromRAM64 &rArr; DL_FlashCTL_programMemory64Config &rArr; DL_FlashCTL_programMemoryConfig &rArr; DL_FlashCTL_setCommandAddress
</UL>
<BR>[Calls]<UL><LI><a href="#[39]">&gt;&gt;</a>&nbsp;&nbsp;&nbsp;DL_FlashCTL_programMemory64Config
<LI><a href="#[32]">&gt;&gt;</a>&nbsp;&nbsp;&nbsp;DL_FlashCTL_executeCommandFromRAM (via Veneer)
</UL>
<BR>[Called By]<UL><LI><a href="#[3a]">&gt;&gt;</a>&nbsp;&nbsp;&nbsp;DL_FlashCTL_programMemoryFromRAM
</UL>

<P><STRONG><a name="[3b]"></a>DL_FlashCTL_unprotectSector</STRONG> (Thumb, 332 bytes, Stack size 48 bytes, dl_flashctl.o(.text.DL_FlashCTL_unprotectSector))
<BR><BR>[Stack]<UL><LI>Max Depth = 116<LI>Call Chain = DL_FlashCTL_unprotectSector &rArr; DL_FlashCTL_getFlashSectorNumberInBank &rArr; DL_FactoryRegion_getMAINFlashSize &rArr; DL_CORE_configInstruction
</UL>
<BR>[Calls]<UL><LI><a href="#[3e]">&gt;&gt;</a>&nbsp;&nbsp;&nbsp;DL_SYSCTL_isExecuteFromUpperFlashBank
<LI><a href="#[33]">&gt;&gt;</a>&nbsp;&nbsp;&nbsp;DL_FlashCTL_getFlashSectorNumberInBank
<LI><a href="#[34]">&gt;&gt;</a>&nbsp;&nbsp;&nbsp;DL_FlashCTL_getFlashSectorNumber
<LI><a href="#[2c]">&gt;&gt;</a>&nbsp;&nbsp;&nbsp;DL_FactoryRegion_getMAINFlashSize
<LI><a href="#[2f]">&gt;&gt;</a>&nbsp;&nbsp;&nbsp;DL_FactoryRegion_getNumBanks
</UL>
<BR>[Called By]<UL><LI><a href="#[3a]">&gt;&gt;</a>&nbsp;&nbsp;&nbsp;DL_FlashCTL_programMemoryFromRAM
<LI><a href="#[67]">&gt;&gt;</a>&nbsp;&nbsp;&nbsp;EEPROM_TypeA_eraseAllSectors
<LI><a href="#[ad]">&gt;&gt;</a>&nbsp;&nbsp;&nbsp;save
</UL>

<P><STRONG><a name="[3f]"></a>DL_I2C_fillControllerTXFIFO</STRONG> (Thumb, 84 bytes, Stack size 24 bytes, dl_i2c.o(.text.DL_I2C_fillControllerTXFIFO))
<BR><BR>[Stack]<UL><LI>Max Depth = 32<LI>Call Chain = DL_I2C_fillControllerTXFIFO &rArr; DL_I2C_transmitControllerData
</UL>
<BR>[Calls]<UL><LI><a href="#[41]">&gt;&gt;</a>&nbsp;&nbsp;&nbsp;DL_I2C_transmitControllerData
<LI><a href="#[40]">&gt;&gt;</a>&nbsp;&nbsp;&nbsp;DL_I2C_isControllerTXFIFOFull
</UL>
<BR>[Called By]<UL><LI><a href="#[11]">&gt;&gt;</a>&nbsp;&nbsp;&nbsp;I2C1_IRQHandler
<LI><a href="#[62]">&gt;&gt;</a>&nbsp;&nbsp;&nbsp;I2C_WriteReg
<LI><a href="#[60]">&gt;&gt;</a>&nbsp;&nbsp;&nbsp;I2C_ReadReg
</UL>

<P><STRONG><a name="[42]"></a>DL_I2C_flushControllerTXFIFO</STRONG> (Thumb, 38 bytes, Stack size 16 bytes, dl_i2c.o(.text.DL_I2C_flushControllerTXFIFO))
<BR><BR>[Stack]<UL><LI>Max Depth = 20<LI>Call Chain = DL_I2C_flushControllerTXFIFO &rArr; DL_I2C_stopFlushControllerTXFIFO
</UL>
<BR>[Calls]<UL><LI><a href="#[45]">&gt;&gt;</a>&nbsp;&nbsp;&nbsp;DL_I2C_stopFlushControllerTXFIFO
<LI><a href="#[44]">&gt;&gt;</a>&nbsp;&nbsp;&nbsp;DL_I2C_isControllerTXFIFOEmpty
<LI><a href="#[43]">&gt;&gt;</a>&nbsp;&nbsp;&nbsp;DL_I2C_startFlushControllerTXFIFO
</UL>
<BR>[Called By]<UL><LI><a href="#[62]">&gt;&gt;</a>&nbsp;&nbsp;&nbsp;I2C_WriteReg
<LI><a href="#[60]">&gt;&gt;</a>&nbsp;&nbsp;&nbsp;I2C_ReadReg
</UL>

<P><STRONG><a name="[48]"></a>DL_I2C_setClockConfig</STRONG> (Thumb, 48 bytes, Stack size 16 bytes, dl_i2c.o(.text.DL_I2C_setClockConfig))
<BR><BR>[Stack]<UL><LI>Max Depth = 32<LI>Call Chain = DL_I2C_setClockConfig &rArr; DL_Common_updateReg
</UL>
<BR>[Calls]<UL><LI><a href="#[49]">&gt;&gt;</a>&nbsp;&nbsp;&nbsp;DL_Common_updateReg
</UL>
<BR>[Called By]<UL><LI><a href="#[7e]">&gt;&gt;</a>&nbsp;&nbsp;&nbsp;SYSCFG_DL_I2C_0_init
</UL>

<P><STRONG><a name="[50]"></a>DL_Timer_initTimerMode</STRONG> (Thumb, 252 bytes, Stack size 24 bytes, dl_timer.o(.text.DL_Timer_initTimerMode))
<BR><BR>[Stack]<UL><LI>Max Depth = 72<LI>Call Chain = DL_Timer_initTimerMode &rArr; DL_Timer_setCaptureCompareCtl &rArr; DL_Common_updateReg
</UL>
<BR>[Calls]<UL><LI><a href="#[54]">&gt;&gt;</a>&nbsp;&nbsp;&nbsp;DL_Timer_setCaptureCompareCtl
<LI><a href="#[53]">&gt;&gt;</a>&nbsp;&nbsp;&nbsp;DL_Timer_setCaptureCompareValue
<LI><a href="#[52]">&gt;&gt;</a>&nbsp;&nbsp;&nbsp;DL_Timer_setCounterValueAfterEnable
<LI><a href="#[51]">&gt;&gt;</a>&nbsp;&nbsp;&nbsp;DL_Timer_setLoadValue
</UL>
<BR>[Called By]<UL><LI><a href="#[8e]">&gt;&gt;</a>&nbsp;&nbsp;&nbsp;SYSCFG_DL_TIMER_1_init
<LI><a href="#[87]">&gt;&gt;</a>&nbsp;&nbsp;&nbsp;SYSCFG_DL_TIMER_0_init
</UL>

<P><STRONG><a name="[54]"></a>DL_Timer_setCaptureCompareCtl</STRONG> (Thumb, 52 bytes, Stack size 32 bytes, dl_timer.o(.text.DL_Timer_setCaptureCompareCtl))
<BR><BR>[Stack]<UL><LI>Max Depth = 48<LI>Call Chain = DL_Timer_setCaptureCompareCtl &rArr; DL_Common_updateReg
</UL>
<BR>[Calls]<UL><LI><a href="#[55]">&gt;&gt;</a>&nbsp;&nbsp;&nbsp;DL_Common_updateReg
</UL>
<BR>[Called By]<UL><LI><a href="#[50]">&gt;&gt;</a>&nbsp;&nbsp;&nbsp;DL_Timer_initTimerMode
</UL>

<P><STRONG><a name="[53]"></a>DL_Timer_setCaptureCompareValue</STRONG> (Thumb, 40 bytes, Stack size 16 bytes, dl_timer.o(.text.DL_Timer_setCaptureCompareValue))
<BR><BR>[Stack]<UL><LI>Max Depth = 16<LI>Call Chain = DL_Timer_setCaptureCompareValue
</UL>
<BR>[Called By]<UL><LI><a href="#[50]">&gt;&gt;</a>&nbsp;&nbsp;&nbsp;DL_Timer_initTimerMode
</UL>

<P><STRONG><a name="[88]"></a>DL_Timer_setClockConfig</STRONG> (Thumb, 44 bytes, Stack size 8 bytes, dl_timer.o(.text.DL_Timer_setClockConfig))
<BR><BR>[Stack]<UL><LI>Max Depth = 8<LI>Call Chain = DL_Timer_setClockConfig
</UL>
<BR>[Called By]<UL><LI><a href="#[8e]">&gt;&gt;</a>&nbsp;&nbsp;&nbsp;SYSCFG_DL_TIMER_1_init
<LI><a href="#[87]">&gt;&gt;</a>&nbsp;&nbsp;&nbsp;SYSCFG_DL_TIMER_0_init
</UL>

<P><STRONG><a name="[57]"></a>DL_UART_init</STRONG> (Thumb, 68 bytes, Stack size 16 bytes, dl_uart.o(.text.DL_UART_init))
<BR><BR>[Stack]<UL><LI>Max Depth = 32<LI>Call Chain = DL_UART_init &rArr; DL_Common_updateReg
</UL>
<BR>[Calls]<UL><LI><a href="#[59]">&gt;&gt;</a>&nbsp;&nbsp;&nbsp;DL_Common_updateReg
<LI><a href="#[58]">&gt;&gt;</a>&nbsp;&nbsp;&nbsp;DL_UART_disable
</UL>
<BR>[Called By]<UL><LI><a href="#[95]">&gt;&gt;</a>&nbsp;&nbsp;&nbsp;SYSCFG_DL_UART_1_init
<LI><a href="#[91]">&gt;&gt;</a>&nbsp;&nbsp;&nbsp;SYSCFG_DL_UART_0_init
</UL>

<P><STRONG><a name="[92]"></a>DL_UART_setClockConfig</STRONG> (Thumb, 32 bytes, Stack size 8 bytes, dl_uart.o(.text.DL_UART_setClockConfig))
<BR><BR>[Stack]<UL><LI>Max Depth = 8<LI>Call Chain = DL_UART_setClockConfig
</UL>
<BR>[Called By]<UL><LI><a href="#[95]">&gt;&gt;</a>&nbsp;&nbsp;&nbsp;SYSCFG_DL_UART_1_init
<LI><a href="#[91]">&gt;&gt;</a>&nbsp;&nbsp;&nbsp;SYSCFG_DL_UART_0_init
</UL>

<P><STRONG><a name="[5c]"></a>DL_UART_transmitDataBlocking</STRONG> (Thumb, 40 bytes, Stack size 16 bytes, dl_uart.o(.text.DL_UART_transmitDataBlocking))
<BR><BR>[Stack]<UL><LI>Max Depth = 24<LI>Call Chain = DL_UART_transmitDataBlocking &rArr; DL_UART_transmitData
</UL>
<BR>[Calls]<UL><LI><a href="#[5e]">&gt;&gt;</a>&nbsp;&nbsp;&nbsp;DL_UART_transmitData
<LI><a href="#[5d]">&gt;&gt;</a>&nbsp;&nbsp;&nbsp;DL_UART_isTXFIFOFull
</UL>
<BR>[Called By]<UL><LI><a href="#[c]">&gt;&gt;</a>&nbsp;&nbsp;&nbsp;UART0_IRQHandler
<LI><a href="#[b0]">&gt;&gt;</a>&nbsp;&nbsp;&nbsp;transmituartdata
</UL>

<P><STRONG><a name="[5f]"></a>DirectCommands</STRONG> (Thumb, 108 bytes, Stack size 32 bytes, empty.o(.text.DirectCommands))
<BR><BR>[Stack]<UL><LI>Max Depth = 120<LI>Call Chain = DirectCommands &rArr; I2C_WriteReg &rArr; DL_I2C_startControllerTransfer &rArr; DL_Common_updateReg
</UL>
<BR>[Calls]<UL><LI><a href="#[62]">&gt;&gt;</a>&nbsp;&nbsp;&nbsp;I2C_WriteReg
<LI><a href="#[61]">&gt;&gt;</a>&nbsp;&nbsp;&nbsp;delayUS
<LI><a href="#[60]">&gt;&gt;</a>&nbsp;&nbsp;&nbsp;I2C_ReadReg
</UL>
<BR>[Called By]<UL><LI><a href="#[a5]">&gt;&gt;</a>&nbsp;&nbsp;&nbsp;msp6050Shut
<LI><a href="#[b2]">&gt;&gt;</a>&nbsp;&nbsp;&nbsp;msp6050_readgyro
<LI><a href="#[b1]">&gt;&gt;</a>&nbsp;&nbsp;&nbsp;msp6050_readacc
<LI><a href="#[a6]">&gt;&gt;</a>&nbsp;&nbsp;&nbsp;msp6050Init
</UL>

<P><STRONG><a name="[63]"></a>Displayacc</STRONG> (Thumb, 124 bytes, Stack size 48 bytes, empty.o(.text.Displayacc))
<BR><BR>[Stack]<UL><LI>Max Depth = 304<LI>Call Chain = Displayacc &rArr; TransformtoFloat &rArr; OLED_ShowChar &rArr; OLED_Set_Pos &rArr; OLED_WR_Byte &rArr; DL_GPIO_clearPins
</UL>
<BR>[Calls]<UL><LI><a href="#[65]">&gt;&gt;</a>&nbsp;&nbsp;&nbsp;TransformtoFloat
<LI><a href="#[64]">&gt;&gt;</a>&nbsp;&nbsp;&nbsp;OLED_ShowString
</UL>
<BR>[Called By]<UL><LI><a href="#[1d]">&gt;&gt;</a>&nbsp;&nbsp;&nbsp;main
</UL>

<P><STRONG><a name="[66]"></a>Displaygyro</STRONG> (Thumb, 120 bytes, Stack size 40 bytes, empty.o(.text.Displaygyro))
<BR><BR>[Stack]<UL><LI>Max Depth = 296<LI>Call Chain = Displaygyro &rArr; TransformtoFloat &rArr; OLED_ShowChar &rArr; OLED_Set_Pos &rArr; OLED_WR_Byte &rArr; DL_GPIO_clearPins
</UL>
<BR>[Calls]<UL><LI><a href="#[65]">&gt;&gt;</a>&nbsp;&nbsp;&nbsp;TransformtoFloat
<LI><a href="#[64]">&gt;&gt;</a>&nbsp;&nbsp;&nbsp;OLED_ShowString
</UL>
<BR>[Called By]<UL><LI><a href="#[1d]">&gt;&gt;</a>&nbsp;&nbsp;&nbsp;main
</UL>

<P><STRONG><a name="[67]"></a>EEPROM_TypeA_eraseAllSectors</STRONG> (Thumb, 112 bytes, Stack size 32 bytes, eeprom_emulation_type_a.o(.text.EEPROM_TypeA_eraseAllSectors))
<BR><BR>[Stack]<UL><LI>Max Depth = 148<LI>Call Chain = EEPROM_TypeA_eraseAllSectors &rArr; DL_FlashCTL_unprotectSector &rArr; DL_FlashCTL_getFlashSectorNumberInBank &rArr; DL_FactoryRegion_getMAINFlashSize &rArr; DL_CORE_configInstruction
</UL>
<BR>[Calls]<UL><LI><a href="#[30]">&gt;&gt;</a>&nbsp;&nbsp;&nbsp;DL_FlashCTL_eraseMemoryFromRAM
<LI><a href="#[3b]">&gt;&gt;</a>&nbsp;&nbsp;&nbsp;DL_FlashCTL_unprotectSector
</UL>
<BR>[Called By]<UL><LI><a href="#[ad]">&gt;&gt;</a>&nbsp;&nbsp;&nbsp;save
</UL>

<P><STRONG><a name="[11]"></a>I2C1_IRQHandler</STRONG> (Thumb, 268 bytes, Stack size 16 bytes, i2c_communication.o(.text.I2C1_IRQHandler))
<BR><BR>[Stack]<UL><LI>Max Depth = 48<LI>Call Chain = I2C1_IRQHandler &rArr; DL_I2C_fillControllerTXFIFO &rArr; DL_I2C_transmitControllerData
</UL>
<BR>[Calls]<UL><LI><a href="#[3f]">&gt;&gt;</a>&nbsp;&nbsp;&nbsp;DL_I2C_fillControllerTXFIFO
<LI><a href="#[69]">&gt;&gt;</a>&nbsp;&nbsp;&nbsp;DL_I2C_disableInterrupt
<LI><a href="#[68]">&gt;&gt;</a>&nbsp;&nbsp;&nbsp;DL_I2C_getPendingInterrupt
<LI><a href="#[6b]">&gt;&gt;</a>&nbsp;&nbsp;&nbsp;DL_I2C_receiveControllerData
<LI><a href="#[6a]">&gt;&gt;</a>&nbsp;&nbsp;&nbsp;DL_I2C_isControllerRXFIFOEmpty
</UL>
<BR>[Address Reference Count : 1]<UL><LI> startup_mspm0l1306_uvision.o(RESET)
</UL>
<P><STRONG><a name="[60]"></a>I2C_ReadReg</STRONG> (Thumb, 184 bytes, Stack size 32 bytes, i2c_communication.o(.text.I2C_ReadReg))
<BR><BR>[Stack]<UL><LI>Max Depth = 80<LI>Call Chain = I2C_ReadReg &rArr; DL_I2C_startControllerTransfer &rArr; DL_Common_updateReg
</UL>
<BR>[Calls]<UL><LI><a href="#[42]">&gt;&gt;</a>&nbsp;&nbsp;&nbsp;DL_I2C_flushControllerTXFIFO
<LI><a href="#[3f]">&gt;&gt;</a>&nbsp;&nbsp;&nbsp;DL_I2C_fillControllerTXFIFO
<LI><a href="#[6b]">&gt;&gt;</a>&nbsp;&nbsp;&nbsp;DL_I2C_receiveControllerData
<LI><a href="#[6a]">&gt;&gt;</a>&nbsp;&nbsp;&nbsp;DL_I2C_isControllerRXFIFOEmpty
<LI><a href="#[4c]">&gt;&gt;</a>&nbsp;&nbsp;&nbsp;DL_I2C_startControllerTransfer
<LI><a href="#[6c]">&gt;&gt;</a>&nbsp;&nbsp;&nbsp;DL_I2C_getControllerStatus
</UL>
<BR>[Called By]<UL><LI><a href="#[5f]">&gt;&gt;</a>&nbsp;&nbsp;&nbsp;DirectCommands
</UL>

<P><STRONG><a name="[62]"></a>I2C_WriteReg</STRONG> (Thumb, 180 bytes, Stack size 40 bytes, i2c_communication.o(.text.I2C_WriteReg))
<BR><BR>[Stack]<UL><LI>Max Depth = 88<LI>Call Chain = I2C_WriteReg &rArr; DL_I2C_startControllerTransfer &rArr; DL_Common_updateReg
</UL>
<BR>[Calls]<UL><LI><a href="#[42]">&gt;&gt;</a>&nbsp;&nbsp;&nbsp;DL_I2C_flushControllerTXFIFO
<LI><a href="#[3f]">&gt;&gt;</a>&nbsp;&nbsp;&nbsp;DL_I2C_fillControllerTXFIFO
<LI><a href="#[4c]">&gt;&gt;</a>&nbsp;&nbsp;&nbsp;DL_I2C_startControllerTransfer
<LI><a href="#[6c]">&gt;&gt;</a>&nbsp;&nbsp;&nbsp;DL_I2C_getControllerStatus
</UL>
<BR>[Called By]<UL><LI><a href="#[5f]">&gt;&gt;</a>&nbsp;&nbsp;&nbsp;DirectCommands
</UL>

<P><STRONG><a name="[6d]"></a>OLED_Clear</STRONG> (Thumb, 106 bytes, Stack size 24 bytes, oled.o(.text.OLED_Clear))
<BR><BR>[Stack]<UL><LI>Max Depth = 56<LI>Call Chain = OLED_Clear &rArr; OLED_WR_Byte &rArr; DL_GPIO_clearPins
</UL>
<BR>[Calls]<UL><LI><a href="#[6e]">&gt;&gt;</a>&nbsp;&nbsp;&nbsp;OLED_WR_Byte
</UL>
<BR>[Called By]<UL><LI><a href="#[6f]">&gt;&gt;</a>&nbsp;&nbsp;&nbsp;OLED_Init
<LI><a href="#[1d]">&gt;&gt;</a>&nbsp;&nbsp;&nbsp;main
</UL>

<P><STRONG><a name="[6f]"></a>OLED_Init</STRONG> (Thumb, 304 bytes, Stack size 40 bytes, oled.o(.text.OLED_Init))
<BR><BR>[Stack]<UL><LI>Max Depth = 96<LI>Call Chain = OLED_Init &rArr; OLED_Set_Pos &rArr; OLED_WR_Byte &rArr; DL_GPIO_clearPins
</UL>
<BR>[Calls]<UL><LI><a href="#[73]">&gt;&gt;</a>&nbsp;&nbsp;&nbsp;OLED_Set_Pos
<LI><a href="#[6e]">&gt;&gt;</a>&nbsp;&nbsp;&nbsp;OLED_WR_Byte
<LI><a href="#[71]">&gt;&gt;</a>&nbsp;&nbsp;&nbsp;delay_ms
<LI><a href="#[72]">&gt;&gt;</a>&nbsp;&nbsp;&nbsp;DL_GPIO_clearPins
<LI><a href="#[70]">&gt;&gt;</a>&nbsp;&nbsp;&nbsp;DL_GPIO_setPins
<LI><a href="#[6d]">&gt;&gt;</a>&nbsp;&nbsp;&nbsp;OLED_Clear
</UL>
<BR>[Called By]<UL><LI><a href="#[1d]">&gt;&gt;</a>&nbsp;&nbsp;&nbsp;main
</UL>

<P><STRONG><a name="[73]"></a>OLED_Set_Pos</STRONG> (Thumb, 62 bytes, Stack size 24 bytes, oled.o(.text.OLED_Set_Pos))
<BR><BR>[Stack]<UL><LI>Max Depth = 56<LI>Call Chain = OLED_Set_Pos &rArr; OLED_WR_Byte &rArr; DL_GPIO_clearPins
</UL>
<BR>[Calls]<UL><LI><a href="#[6e]">&gt;&gt;</a>&nbsp;&nbsp;&nbsp;OLED_WR_Byte
</UL>
<BR>[Called By]<UL><LI><a href="#[74]">&gt;&gt;</a>&nbsp;&nbsp;&nbsp;OLED_ShowChar
<LI><a href="#[6f]">&gt;&gt;</a>&nbsp;&nbsp;&nbsp;OLED_Init
</UL>

<P><STRONG><a name="[74]"></a>OLED_ShowChar</STRONG> (Thumb, 196 bytes, Stack size 32 bytes, oled.o(.text.OLED_ShowChar))
<BR><BR>[Stack]<UL><LI>Max Depth = 88<LI>Call Chain = OLED_ShowChar &rArr; OLED_Set_Pos &rArr; OLED_WR_Byte &rArr; DL_GPIO_clearPins
</UL>
<BR>[Calls]<UL><LI><a href="#[73]">&gt;&gt;</a>&nbsp;&nbsp;&nbsp;OLED_Set_Pos
<LI><a href="#[6e]">&gt;&gt;</a>&nbsp;&nbsp;&nbsp;OLED_WR_Byte
</UL>
<BR>[Called By]<UL><LI><a href="#[65]">&gt;&gt;</a>&nbsp;&nbsp;&nbsp;TransformtoFloat
<LI><a href="#[64]">&gt;&gt;</a>&nbsp;&nbsp;&nbsp;OLED_ShowString
</UL>

<P><STRONG><a name="[64]"></a>OLED_ShowString</STRONG> (Thumb, 104 bytes, Stack size 32 bytes, oled.o(.text.OLED_ShowString))
<BR><BR>[Stack]<UL><LI>Max Depth = 120<LI>Call Chain = OLED_ShowString &rArr; OLED_ShowChar &rArr; OLED_Set_Pos &rArr; OLED_WR_Byte &rArr; DL_GPIO_clearPins
</UL>
<BR>[Calls]<UL><LI><a href="#[74]">&gt;&gt;</a>&nbsp;&nbsp;&nbsp;OLED_ShowChar
</UL>
<BR>[Called By]<UL><LI><a href="#[66]">&gt;&gt;</a>&nbsp;&nbsp;&nbsp;Displaygyro
<LI><a href="#[63]">&gt;&gt;</a>&nbsp;&nbsp;&nbsp;Displayacc
<LI><a href="#[1d]">&gt;&gt;</a>&nbsp;&nbsp;&nbsp;main
</UL>

<P><STRONG><a name="[6e]"></a>OLED_WR_Byte</STRONG> (Thumb, 156 bytes, Stack size 24 bytes, oled.o(.text.OLED_WR_Byte))
<BR><BR>[Stack]<UL><LI>Max Depth = 32<LI>Call Chain = OLED_WR_Byte &rArr; DL_GPIO_clearPins
</UL>
<BR>[Calls]<UL><LI><a href="#[72]">&gt;&gt;</a>&nbsp;&nbsp;&nbsp;DL_GPIO_clearPins
<LI><a href="#[70]">&gt;&gt;</a>&nbsp;&nbsp;&nbsp;DL_GPIO_setPins
</UL>
<BR>[Called By]<UL><LI><a href="#[73]">&gt;&gt;</a>&nbsp;&nbsp;&nbsp;OLED_Set_Pos
<LI><a href="#[74]">&gt;&gt;</a>&nbsp;&nbsp;&nbsp;OLED_ShowChar
<LI><a href="#[6d]">&gt;&gt;</a>&nbsp;&nbsp;&nbsp;OLED_Clear
<LI><a href="#[6f]">&gt;&gt;</a>&nbsp;&nbsp;&nbsp;OLED_Init
</UL>

<P><STRONG><a name="[75]"></a>SYSCFG_DL_GPIO_init</STRONG> (Thumb, 156 bytes, Stack size 48 bytes, ti_msp_dl_config.o(.text.SYSCFG_DL_GPIO_init))
<BR><BR>[Stack]<UL><LI>Max Depth = 72<LI>Call Chain = SYSCFG_DL_GPIO_init &rArr; DL_GPIO_initPeripheralInputFunctionFeatures
</UL>
<BR>[Calls]<UL><LI><a href="#[7d]">&gt;&gt;</a>&nbsp;&nbsp;&nbsp;DL_GPIO_enableOutput
<LI><a href="#[7c]">&gt;&gt;</a>&nbsp;&nbsp;&nbsp;DL_GPIO_setPins
<LI><a href="#[7b]">&gt;&gt;</a>&nbsp;&nbsp;&nbsp;DL_GPIO_clearPins
<LI><a href="#[7a]">&gt;&gt;</a>&nbsp;&nbsp;&nbsp;DL_GPIO_initDigitalOutput
<LI><a href="#[79]">&gt;&gt;</a>&nbsp;&nbsp;&nbsp;DL_GPIO_initPeripheralInputFunction
<LI><a href="#[78]">&gt;&gt;</a>&nbsp;&nbsp;&nbsp;DL_GPIO_initPeripheralOutputFunction
<LI><a href="#[77]">&gt;&gt;</a>&nbsp;&nbsp;&nbsp;DL_GPIO_enableHiZ
<LI><a href="#[76]">&gt;&gt;</a>&nbsp;&nbsp;&nbsp;DL_GPIO_initPeripheralInputFunctionFeatures
</UL>
<BR>[Called By]<UL><LI><a href="#[96]">&gt;&gt;</a>&nbsp;&nbsp;&nbsp;SYSCFG_DL_init
</UL>

<P><STRONG><a name="[7e]"></a>SYSCFG_DL_I2C_0_init</STRONG> (Thumb, 80 bytes, Stack size 16 bytes, ti_msp_dl_config.o(.text.SYSCFG_DL_I2C_0_init))
<BR><BR>[Stack]<UL><LI>Max Depth = 56<LI>Call Chain = SYSCFG_DL_I2C_0_init &rArr; DL_I2C_setControllerRXFIFOThreshold &rArr; DL_Common_updateReg
</UL>
<BR>[Calls]<UL><LI><a href="#[48]">&gt;&gt;</a>&nbsp;&nbsp;&nbsp;DL_I2C_setClockConfig
<LI><a href="#[83]">&gt;&gt;</a>&nbsp;&nbsp;&nbsp;DL_I2C_enableController
<LI><a href="#[82]">&gt;&gt;</a>&nbsp;&nbsp;&nbsp;DL_I2C_enableControllerClockStretching
<LI><a href="#[4a]">&gt;&gt;</a>&nbsp;&nbsp;&nbsp;DL_I2C_setControllerRXFIFOThreshold
<LI><a href="#[4b]">&gt;&gt;</a>&nbsp;&nbsp;&nbsp;DL_I2C_setControllerTXFIFOThreshold
<LI><a href="#[81]">&gt;&gt;</a>&nbsp;&nbsp;&nbsp;DL_I2C_setTimerPeriod
<LI><a href="#[80]">&gt;&gt;</a>&nbsp;&nbsp;&nbsp;DL_I2C_resetControllerTransfer
<LI><a href="#[7f]">&gt;&gt;</a>&nbsp;&nbsp;&nbsp;DL_I2C_enableAnalogGlitchFilter
<LI><a href="#[46]">&gt;&gt;</a>&nbsp;&nbsp;&nbsp;DL_I2C_setAnalogGlitchFilterPulseWidth
</UL>
<BR>[Called By]<UL><LI><a href="#[96]">&gt;&gt;</a>&nbsp;&nbsp;&nbsp;SYSCFG_DL_init
</UL>

<P><STRONG><a name="[84]"></a>SYSCFG_DL_SYSCTL_init</STRONG> (Thumb, 32 bytes, Stack size 16 bytes, ti_msp_dl_config.o(.text.SYSCFG_DL_SYSCTL_init))
<BR><BR>[Stack]<UL><LI>Max Depth = 48<LI>Call Chain = SYSCFG_DL_SYSCTL_init &rArr; DL_SYSCTL_setMCLKDivider &rArr; DL_Common_updateReg
</UL>
<BR>[Calls]<UL><LI><a href="#[4e]">&gt;&gt;</a>&nbsp;&nbsp;&nbsp;DL_SYSCTL_setMCLKDivider
<LI><a href="#[86]">&gt;&gt;</a>&nbsp;&nbsp;&nbsp;DL_SYSCTL_enableMFCLK
<LI><a href="#[4f]">&gt;&gt;</a>&nbsp;&nbsp;&nbsp;DL_SYSCTL_setSYSOSCFreq
<LI><a href="#[85]">&gt;&gt;</a>&nbsp;&nbsp;&nbsp;DL_SYSCTL_setBORThreshold
</UL>
<BR>[Called By]<UL><LI><a href="#[96]">&gt;&gt;</a>&nbsp;&nbsp;&nbsp;SYSCFG_DL_init
</UL>

<P><STRONG><a name="[87]"></a>SYSCFG_DL_TIMER_0_init</STRONG> (Thumb, 80 bytes, Stack size 24 bytes, ti_msp_dl_config.o(.text.SYSCFG_DL_TIMER_0_init))
<BR><BR>[Stack]<UL><LI>Max Depth = 96<LI>Call Chain = SYSCFG_DL_TIMER_0_init &rArr; DL_Timer_initTimerMode &rArr; DL_Timer_setCaptureCompareCtl &rArr; DL_Common_updateReg
</UL>
<BR>[Calls]<UL><LI><a href="#[50]">&gt;&gt;</a>&nbsp;&nbsp;&nbsp;DL_Timer_initTimerMode
<LI><a href="#[88]">&gt;&gt;</a>&nbsp;&nbsp;&nbsp;DL_Timer_setClockConfig
<LI><a href="#[8d]">&gt;&gt;</a>&nbsp;&nbsp;&nbsp;DL_Timer_enableExternalTrigger
<LI><a href="#[56]">&gt;&gt;</a>&nbsp;&nbsp;&nbsp;DL_Timer_setExternalTriggerEvent
<LI><a href="#[8c]">&gt;&gt;</a>&nbsp;&nbsp;&nbsp;DL_Timer_configCrossTrigger
<LI><a href="#[8b]">&gt;&gt;</a>&nbsp;&nbsp;&nbsp;DL_Timer_enableClock
<LI><a href="#[8a]">&gt;&gt;</a>&nbsp;&nbsp;&nbsp;__NVIC_SetPriority
<LI><a href="#[89]">&gt;&gt;</a>&nbsp;&nbsp;&nbsp;DL_Timer_enableInterrupt
</UL>
<BR>[Called By]<UL><LI><a href="#[96]">&gt;&gt;</a>&nbsp;&nbsp;&nbsp;SYSCFG_DL_init
</UL>

<P><STRONG><a name="[8e]"></a>SYSCFG_DL_TIMER_1_init</STRONG> (Thumb, 80 bytes, Stack size 24 bytes, ti_msp_dl_config.o(.text.SYSCFG_DL_TIMER_1_init))
<BR><BR>[Stack]<UL><LI>Max Depth = 96<LI>Call Chain = SYSCFG_DL_TIMER_1_init &rArr; DL_Timer_initTimerMode &rArr; DL_Timer_setCaptureCompareCtl &rArr; DL_Common_updateReg
</UL>
<BR>[Calls]<UL><LI><a href="#[50]">&gt;&gt;</a>&nbsp;&nbsp;&nbsp;DL_Timer_initTimerMode
<LI><a href="#[88]">&gt;&gt;</a>&nbsp;&nbsp;&nbsp;DL_Timer_setClockConfig
<LI><a href="#[8d]">&gt;&gt;</a>&nbsp;&nbsp;&nbsp;DL_Timer_enableExternalTrigger
<LI><a href="#[56]">&gt;&gt;</a>&nbsp;&nbsp;&nbsp;DL_Timer_setExternalTriggerEvent
<LI><a href="#[8c]">&gt;&gt;</a>&nbsp;&nbsp;&nbsp;DL_Timer_configCrossTrigger
<LI><a href="#[8b]">&gt;&gt;</a>&nbsp;&nbsp;&nbsp;DL_Timer_enableClock
<LI><a href="#[8a]">&gt;&gt;</a>&nbsp;&nbsp;&nbsp;__NVIC_SetPriority
<LI><a href="#[89]">&gt;&gt;</a>&nbsp;&nbsp;&nbsp;DL_Timer_enableInterrupt
</UL>
<BR>[Called By]<UL><LI><a href="#[96]">&gt;&gt;</a>&nbsp;&nbsp;&nbsp;SYSCFG_DL_init
</UL>

<P><STRONG><a name="[8f]"></a>SYSCFG_DL_TIMER_Cross_Trigger_init</STRONG> (Thumb, 12 bytes, Stack size 8 bytes, ti_msp_dl_config.o(.text.SYSCFG_DL_TIMER_Cross_Trigger_init))
<BR><BR>[Stack]<UL><LI>Max Depth = 12<LI>Call Chain = SYSCFG_DL_TIMER_Cross_Trigger_init &rArr; DL_Timer_generateCrossTrigger
</UL>
<BR>[Calls]<UL><LI><a href="#[90]">&gt;&gt;</a>&nbsp;&nbsp;&nbsp;DL_Timer_generateCrossTrigger
</UL>
<BR>[Called By]<UL><LI><a href="#[96]">&gt;&gt;</a>&nbsp;&nbsp;&nbsp;SYSCFG_DL_init
</UL>

<P><STRONG><a name="[91]"></a>SYSCFG_DL_UART_0_init</STRONG> (Thumb, 60 bytes, Stack size 16 bytes, ti_msp_dl_config.o(.text.SYSCFG_DL_UART_0_init))
<BR><BR>[Stack]<UL><LI>Max Depth = 56<LI>Call Chain = SYSCFG_DL_UART_0_init &rArr; DL_UART_setBaudRateDivisor &rArr; DL_Common_updateReg
</UL>
<BR>[Calls]<UL><LI><a href="#[57]">&gt;&gt;</a>&nbsp;&nbsp;&nbsp;DL_UART_init
<LI><a href="#[92]">&gt;&gt;</a>&nbsp;&nbsp;&nbsp;DL_UART_setClockConfig
<LI><a href="#[94]">&gt;&gt;</a>&nbsp;&nbsp;&nbsp;DL_UART_enable
<LI><a href="#[93]">&gt;&gt;</a>&nbsp;&nbsp;&nbsp;DL_UART_enableInterrupt
<LI><a href="#[5a]">&gt;&gt;</a>&nbsp;&nbsp;&nbsp;DL_UART_setBaudRateDivisor
<LI><a href="#[5b]">&gt;&gt;</a>&nbsp;&nbsp;&nbsp;DL_UART_setOversampling
</UL>
<BR>[Called By]<UL><LI><a href="#[96]">&gt;&gt;</a>&nbsp;&nbsp;&nbsp;SYSCFG_DL_init
</UL>

<P><STRONG><a name="[95]"></a>SYSCFG_DL_UART_1_init</STRONG> (Thumb, 52 bytes, Stack size 16 bytes, ti_msp_dl_config.o(.text.SYSCFG_DL_UART_1_init))
<BR><BR>[Stack]<UL><LI>Max Depth = 56<LI>Call Chain = SYSCFG_DL_UART_1_init &rArr; DL_UART_setBaudRateDivisor &rArr; DL_Common_updateReg
</UL>
<BR>[Calls]<UL><LI><a href="#[57]">&gt;&gt;</a>&nbsp;&nbsp;&nbsp;DL_UART_init
<LI><a href="#[92]">&gt;&gt;</a>&nbsp;&nbsp;&nbsp;DL_UART_setClockConfig
<LI><a href="#[94]">&gt;&gt;</a>&nbsp;&nbsp;&nbsp;DL_UART_enable
<LI><a href="#[5a]">&gt;&gt;</a>&nbsp;&nbsp;&nbsp;DL_UART_setBaudRateDivisor
<LI><a href="#[5b]">&gt;&gt;</a>&nbsp;&nbsp;&nbsp;DL_UART_setOversampling
</UL>
<BR>[Called By]<UL><LI><a href="#[96]">&gt;&gt;</a>&nbsp;&nbsp;&nbsp;SYSCFG_DL_init
</UL>

<P><STRONG><a name="[96]"></a>SYSCFG_DL_init</STRONG> (Thumb, 40 bytes, Stack size 8 bytes, ti_msp_dl_config.o(.text.SYSCFG_DL_init))
<BR><BR>[Stack]<UL><LI>Max Depth = 104<LI>Call Chain = SYSCFG_DL_init &rArr; SYSCFG_DL_TIMER_1_init &rArr; DL_Timer_initTimerMode &rArr; DL_Timer_setCaptureCompareCtl &rArr; DL_Common_updateReg
</UL>
<BR>[Calls]<UL><LI><a href="#[8f]">&gt;&gt;</a>&nbsp;&nbsp;&nbsp;SYSCFG_DL_TIMER_Cross_Trigger_init
<LI><a href="#[95]">&gt;&gt;</a>&nbsp;&nbsp;&nbsp;SYSCFG_DL_UART_1_init
<LI><a href="#[91]">&gt;&gt;</a>&nbsp;&nbsp;&nbsp;SYSCFG_DL_UART_0_init
<LI><a href="#[7e]">&gt;&gt;</a>&nbsp;&nbsp;&nbsp;SYSCFG_DL_I2C_0_init
<LI><a href="#[8e]">&gt;&gt;</a>&nbsp;&nbsp;&nbsp;SYSCFG_DL_TIMER_1_init
<LI><a href="#[87]">&gt;&gt;</a>&nbsp;&nbsp;&nbsp;SYSCFG_DL_TIMER_0_init
<LI><a href="#[84]">&gt;&gt;</a>&nbsp;&nbsp;&nbsp;SYSCFG_DL_SYSCTL_init
<LI><a href="#[75]">&gt;&gt;</a>&nbsp;&nbsp;&nbsp;SYSCFG_DL_GPIO_init
<LI><a href="#[97]">&gt;&gt;</a>&nbsp;&nbsp;&nbsp;SYSCFG_DL_initPower
</UL>
<BR>[Called By]<UL><LI><a href="#[1d]">&gt;&gt;</a>&nbsp;&nbsp;&nbsp;main
</UL>

<P><STRONG><a name="[97]"></a>SYSCFG_DL_initPower</STRONG> (Thumb, 100 bytes, Stack size 32 bytes, ti_msp_dl_config.o(.text.SYSCFG_DL_initPower))
<BR><BR>[Stack]<UL><LI>Max Depth = 36<LI>Call Chain = SYSCFG_DL_initPower &rArr; DL_UART_enablePower
</UL>
<BR>[Calls]<UL><LI><a href="#[9f]">&gt;&gt;</a>&nbsp;&nbsp;&nbsp;DL_UART_enablePower
<LI><a href="#[9e]">&gt;&gt;</a>&nbsp;&nbsp;&nbsp;DL_I2C_enablePower
<LI><a href="#[9d]">&gt;&gt;</a>&nbsp;&nbsp;&nbsp;DL_Timer_enablePower
<LI><a href="#[9c]">&gt;&gt;</a>&nbsp;&nbsp;&nbsp;DL_GPIO_enablePower
<LI><a href="#[9b]">&gt;&gt;</a>&nbsp;&nbsp;&nbsp;DL_UART_reset
<LI><a href="#[9a]">&gt;&gt;</a>&nbsp;&nbsp;&nbsp;DL_I2C_reset
<LI><a href="#[99]">&gt;&gt;</a>&nbsp;&nbsp;&nbsp;DL_Timer_reset
<LI><a href="#[98]">&gt;&gt;</a>&nbsp;&nbsp;&nbsp;DL_GPIO_reset
<LI><a href="#[a0]">&gt;&gt;</a>&nbsp;&nbsp;&nbsp;DL_Common_delayCycles
</UL>
<BR>[Called By]<UL><LI><a href="#[96]">&gt;&gt;</a>&nbsp;&nbsp;&nbsp;SYSCFG_DL_init
</UL>

<P><STRONG><a name="[8]"></a>TIMG1_IRQHandler</STRONG> (Thumb, 8 bytes, Stack size 0 bytes, empty.o(.text.TIMG1_IRQHandler))
<BR>[Address Reference Count : 1]<UL><LI> startup_mspm0l1306_uvision.o(RESET)
</UL>
<P><STRONG><a name="[65]"></a>TransformtoFloat</STRONG> (Thumb, 632 bytes, Stack size 168 bytes, empty.o(.text.TransformtoFloat))
<BR><BR>[Stack]<UL><LI>Max Depth = 256<LI>Call Chain = TransformtoFloat &rArr; OLED_ShowChar &rArr; OLED_Set_Pos &rArr; OLED_WR_Byte &rArr; DL_GPIO_clearPins
</UL>
<BR>[Calls]<UL><LI><a href="#[74]">&gt;&gt;</a>&nbsp;&nbsp;&nbsp;OLED_ShowChar
<LI><a href="#[a2]">&gt;&gt;</a>&nbsp;&nbsp;&nbsp;__aeabi_idivmod
<LI><a href="#[a1]">&gt;&gt;</a>&nbsp;&nbsp;&nbsp;__aeabi_idiv
</UL>
<BR>[Called By]<UL><LI><a href="#[66]">&gt;&gt;</a>&nbsp;&nbsp;&nbsp;Displaygyro
<LI><a href="#[63]">&gt;&gt;</a>&nbsp;&nbsp;&nbsp;Displayacc
<LI><a href="#[1d]">&gt;&gt;</a>&nbsp;&nbsp;&nbsp;main
</UL>

<P><STRONG><a name="[c]"></a>UART0_IRQHandler</STRONG> (Thumb, 216 bytes, Stack size 16 bytes, empty.o(.text.UART0_IRQHandler))
<BR><BR>[Stack]<UL><LI>Max Depth = 152<LI>Call Chain = UART0_IRQHandler &rArr; msp6050Init &rArr; DirectCommands &rArr; I2C_WriteReg &rArr; DL_I2C_startControllerTransfer &rArr; DL_Common_updateReg
</UL>
<BR>[Calls]<UL><LI><a href="#[a5]">&gt;&gt;</a>&nbsp;&nbsp;&nbsp;msp6050Shut
<LI><a href="#[5c]">&gt;&gt;</a>&nbsp;&nbsp;&nbsp;DL_UART_transmitDataBlocking
<LI><a href="#[a6]">&gt;&gt;</a>&nbsp;&nbsp;&nbsp;msp6050Init
<LI><a href="#[a4]">&gt;&gt;</a>&nbsp;&nbsp;&nbsp;DL_UART_receiveData
<LI><a href="#[a3]">&gt;&gt;</a>&nbsp;&nbsp;&nbsp;DL_UART_getPendingInterrupt
</UL>
<BR>[Address Reference Count : 1]<UL><LI> startup_mspm0l1306_uvision.o(RESET)
</UL>
<P><STRONG><a name="[61]"></a>delayUS</STRONG> (Thumb, 70 bytes, Stack size 24 bytes, empty.o(.text.delayUS))
<BR><BR>[Stack]<UL><LI>Max Depth = 28<LI>Call Chain = delayUS &rArr; DL_Common_delayCycles
</UL>
<BR>[Calls]<UL><LI><a href="#[a0]">&gt;&gt;</a>&nbsp;&nbsp;&nbsp;DL_Common_delayCycles
<LI><a href="#[35]">&gt;&gt;</a>&nbsp;&nbsp;&nbsp;__aeabi_uidiv
</UL>
<BR>[Called By]<UL><LI><a href="#[5f]">&gt;&gt;</a>&nbsp;&nbsp;&nbsp;DirectCommands
</UL>

<P><STRONG><a name="[71]"></a>delay_ms</STRONG> (Thumb, 48 bytes, Stack size 8 bytes, oled.o(.text.delay_ms))
<BR><BR>[Stack]<UL><LI>Max Depth = 8<LI>Call Chain = delay_ms
</UL>
<BR>[Called By]<UL><LI><a href="#[6f]">&gt;&gt;</a>&nbsp;&nbsp;&nbsp;OLED_Init
</UL>

<P><STRONG><a name="[1d]"></a>main</STRONG> (Thumb, 944 bytes, Stack size 176 bytes, empty.o(.text.main))
<BR><BR>[Stack]<UL><LI>Max Depth = 516<LI>Call Chain = main &rArr; save &rArr; DL_FlashCTL_programMemoryFromRAM &rArr; DL_FlashCTL_unprotectSector &rArr; DL_FlashCTL_getFlashSectorNumberInBank &rArr; DL_FactoryRegion_getMAINFlashSize &rArr; DL_CORE_configInstruction
</UL>
<BR>[Calls]<UL><LI><a href="#[66]">&gt;&gt;</a>&nbsp;&nbsp;&nbsp;Displaygyro
<LI><a href="#[63]">&gt;&gt;</a>&nbsp;&nbsp;&nbsp;Displayacc
<LI><a href="#[b0]">&gt;&gt;</a>&nbsp;&nbsp;&nbsp;transmituartdata
<LI><a href="#[af]">&gt;&gt;</a>&nbsp;&nbsp;&nbsp;Computegyro
<LI><a href="#[ae]">&gt;&gt;</a>&nbsp;&nbsp;&nbsp;Computeacc
<LI><a href="#[ad]">&gt;&gt;</a>&nbsp;&nbsp;&nbsp;save
<LI><a href="#[ac]">&gt;&gt;</a>&nbsp;&nbsp;&nbsp;readgyro
<LI><a href="#[ab]">&gt;&gt;</a>&nbsp;&nbsp;&nbsp;readacc
<LI><a href="#[a6]">&gt;&gt;</a>&nbsp;&nbsp;&nbsp;msp6050Init
<LI><a href="#[a0]">&gt;&gt;</a>&nbsp;&nbsp;&nbsp;DL_Common_delayCycles
<LI><a href="#[65]">&gt;&gt;</a>&nbsp;&nbsp;&nbsp;TransformtoFloat
<LI><a href="#[64]">&gt;&gt;</a>&nbsp;&nbsp;&nbsp;OLED_ShowString
<LI><a href="#[6d]">&gt;&gt;</a>&nbsp;&nbsp;&nbsp;OLED_Clear
<LI><a href="#[6f]">&gt;&gt;</a>&nbsp;&nbsp;&nbsp;OLED_Init
<LI><a href="#[a7]">&gt;&gt;</a>&nbsp;&nbsp;&nbsp;read
<LI><a href="#[96]">&gt;&gt;</a>&nbsp;&nbsp;&nbsp;SYSCFG_DL_init
<LI><a href="#[aa]">&gt;&gt;</a>&nbsp;&nbsp;&nbsp;DL_Timer_startCounter
<LI><a href="#[a9]">&gt;&gt;</a>&nbsp;&nbsp;&nbsp;__NVIC_EnableIRQ
<LI><a href="#[a8]">&gt;&gt;</a>&nbsp;&nbsp;&nbsp;__NVIC_ClearPendingIRQ
</UL>
<BR>[Called By]<UL><LI><a href="#[1c]">&gt;&gt;</a>&nbsp;&nbsp;&nbsp;__rt_entry_main
</UL>

<P><STRONG><a name="[a6]"></a>msp6050Init</STRONG> (Thumb, 62 bytes, Stack size 16 bytes, empty.o(.text.msp6050Init))
<BR><BR>[Stack]<UL><LI>Max Depth = 136<LI>Call Chain = msp6050Init &rArr; DirectCommands &rArr; I2C_WriteReg &rArr; DL_I2C_startControllerTransfer &rArr; DL_Common_updateReg
</UL>
<BR>[Calls]<UL><LI><a href="#[5f]">&gt;&gt;</a>&nbsp;&nbsp;&nbsp;DirectCommands
</UL>
<BR>[Called By]<UL><LI><a href="#[c]">&gt;&gt;</a>&nbsp;&nbsp;&nbsp;UART0_IRQHandler
<LI><a href="#[1d]">&gt;&gt;</a>&nbsp;&nbsp;&nbsp;main
</UL>

<P><STRONG><a name="[a5]"></a>msp6050Shut</STRONG> (Thumb, 14 bytes, Stack size 8 bytes, empty.o(.text.msp6050Shut))
<BR><BR>[Stack]<UL><LI>Max Depth = 128<LI>Call Chain = msp6050Shut &rArr; DirectCommands &rArr; I2C_WriteReg &rArr; DL_I2C_startControllerTransfer &rArr; DL_Common_updateReg
</UL>
<BR>[Calls]<UL><LI><a href="#[5f]">&gt;&gt;</a>&nbsp;&nbsp;&nbsp;DirectCommands
</UL>
<BR>[Called By]<UL><LI><a href="#[c]">&gt;&gt;</a>&nbsp;&nbsp;&nbsp;UART0_IRQHandler
</UL>

<P><STRONG><a name="[b1]"></a>msp6050_readacc</STRONG> (Thumb, 188 bytes, Stack size 48 bytes, empty.o(.text.msp6050_readacc))
<BR><BR>[Stack]<UL><LI>Max Depth = 168<LI>Call Chain = msp6050_readacc &rArr; DirectCommands &rArr; I2C_WriteReg &rArr; DL_I2C_startControllerTransfer &rArr; DL_Common_updateReg
</UL>
<BR>[Calls]<UL><LI><a href="#[5f]">&gt;&gt;</a>&nbsp;&nbsp;&nbsp;DirectCommands
</UL>
<BR>[Called By]<UL><LI><a href="#[ab]">&gt;&gt;</a>&nbsp;&nbsp;&nbsp;readacc
</UL>

<P><STRONG><a name="[b2]"></a>msp6050_readgyro</STRONG> (Thumb, 188 bytes, Stack size 48 bytes, empty.o(.text.msp6050_readgyro))
<BR><BR>[Stack]<UL><LI>Max Depth = 168<LI>Call Chain = msp6050_readgyro &rArr; DirectCommands &rArr; I2C_WriteReg &rArr; DL_I2C_startControllerTransfer &rArr; DL_Common_updateReg
</UL>
<BR>[Calls]<UL><LI><a href="#[5f]">&gt;&gt;</a>&nbsp;&nbsp;&nbsp;DirectCommands
</UL>
<BR>[Called By]<UL><LI><a href="#[ac]">&gt;&gt;</a>&nbsp;&nbsp;&nbsp;readgyro
</UL>

<P><STRONG><a name="[a7]"></a>read</STRONG> (Thumb, 136 bytes, Stack size 16 bytes, empty.o(.text.read))
<BR><BR>[Stack]<UL><LI>Max Depth = 16<LI>Call Chain = read
</UL>
<BR>[Called By]<UL><LI><a href="#[1d]">&gt;&gt;</a>&nbsp;&nbsp;&nbsp;main
</UL>

<P><STRONG><a name="[ab]"></a>readacc</STRONG> (Thumb, 34 bytes, Stack size 16 bytes, empty.o(.text.readacc))
<BR><BR>[Stack]<UL><LI>Max Depth = 184<LI>Call Chain = readacc &rArr; msp6050_readacc &rArr; DirectCommands &rArr; I2C_WriteReg &rArr; DL_I2C_startControllerTransfer &rArr; DL_Common_updateReg
</UL>
<BR>[Calls]<UL><LI><a href="#[b1]">&gt;&gt;</a>&nbsp;&nbsp;&nbsp;msp6050_readacc
</UL>
<BR>[Called By]<UL><LI><a href="#[1d]">&gt;&gt;</a>&nbsp;&nbsp;&nbsp;main
</UL>

<P><STRONG><a name="[ac]"></a>readgyro</STRONG> (Thumb, 34 bytes, Stack size 16 bytes, empty.o(.text.readgyro))
<BR><BR>[Stack]<UL><LI>Max Depth = 184<LI>Call Chain = readgyro &rArr; msp6050_readgyro &rArr; DirectCommands &rArr; I2C_WriteReg &rArr; DL_I2C_startControllerTransfer &rArr; DL_Common_updateReg
</UL>
<BR>[Calls]<UL><LI><a href="#[b2]">&gt;&gt;</a>&nbsp;&nbsp;&nbsp;msp6050_readgyro
</UL>
<BR>[Called By]<UL><LI><a href="#[1d]">&gt;&gt;</a>&nbsp;&nbsp;&nbsp;main
</UL>

<P><STRONG><a name="[ad]"></a>save</STRONG> (Thumb, 172 bytes, Stack size 184 bytes, empty.o(.text.save))
<BR><BR>[Stack]<UL><LI>Max Depth = 340<LI>Call Chain = save &rArr; DL_FlashCTL_programMemoryFromRAM &rArr; DL_FlashCTL_unprotectSector &rArr; DL_FlashCTL_getFlashSectorNumberInBank &rArr; DL_FactoryRegion_getMAINFlashSize &rArr; DL_CORE_configInstruction
</UL>
<BR>[Calls]<UL><LI><a href="#[3a]">&gt;&gt;</a>&nbsp;&nbsp;&nbsp;DL_FlashCTL_programMemoryFromRAM
<LI><a href="#[3b]">&gt;&gt;</a>&nbsp;&nbsp;&nbsp;DL_FlashCTL_unprotectSector
<LI><a href="#[67]">&gt;&gt;</a>&nbsp;&nbsp;&nbsp;EEPROM_TypeA_eraseAllSectors
<LI><a href="#[b3]">&gt;&gt;</a>&nbsp;&nbsp;&nbsp;__aeabi_memclr4
</UL>
<BR>[Called By]<UL><LI><a href="#[1d]">&gt;&gt;</a>&nbsp;&nbsp;&nbsp;main
</UL>

<P><STRONG><a name="[b0]"></a>transmituartdata</STRONG> (Thumb, 136 bytes, Stack size 48 bytes, empty.o(.text.transmituartdata))
<BR><BR>[Stack]<UL><LI>Max Depth = 72<LI>Call Chain = transmituartdata &rArr; DL_UART_transmitDataBlocking &rArr; DL_UART_transmitData
</UL>
<BR>[Calls]<UL><LI><a href="#[5c]">&gt;&gt;</a>&nbsp;&nbsp;&nbsp;DL_UART_transmitDataBlocking
</UL>
<BR>[Called By]<UL><LI><a href="#[1d]">&gt;&gt;</a>&nbsp;&nbsp;&nbsp;main
</UL>
<P>
<H3>
Local Symbols
</H3>
<P><STRONG><a name="[a8]"></a>__NVIC_ClearPendingIRQ</STRONG> (Thumb, 40 bytes, Stack size 4 bytes, empty.o(.text.__NVIC_ClearPendingIRQ))
<BR><BR>[Stack]<UL><LI>Max Depth = 4<LI>Call Chain = __NVIC_ClearPendingIRQ
</UL>
<BR>[Called By]<UL><LI><a href="#[1d]">&gt;&gt;</a>&nbsp;&nbsp;&nbsp;main
</UL>

<P><STRONG><a name="[a9]"></a>__NVIC_EnableIRQ</STRONG> (Thumb, 40 bytes, Stack size 4 bytes, empty.o(.text.__NVIC_EnableIRQ))
<BR><BR>[Stack]<UL><LI>Max Depth = 4<LI>Call Chain = __NVIC_EnableIRQ
</UL>
<BR>[Called By]<UL><LI><a href="#[1d]">&gt;&gt;</a>&nbsp;&nbsp;&nbsp;main
</UL>

<P><STRONG><a name="[aa]"></a>DL_Timer_startCounter</STRONG> (Thumb, 20 bytes, Stack size 4 bytes, empty.o(.text.DL_Timer_startCounter))
<BR><BR>[Stack]<UL><LI>Max Depth = 4<LI>Call Chain = DL_Timer_startCounter
</UL>
<BR>[Called By]<UL><LI><a href="#[1d]">&gt;&gt;</a>&nbsp;&nbsp;&nbsp;main
</UL>

<P><STRONG><a name="[a3]"></a>DL_UART_getPendingInterrupt</STRONG> (Thumb, 18 bytes, Stack size 4 bytes, empty.o(.text.DL_UART_getPendingInterrupt))
<BR><BR>[Stack]<UL><LI>Max Depth = 4<LI>Call Chain = DL_UART_getPendingInterrupt
</UL>
<BR>[Called By]<UL><LI><a href="#[c]">&gt;&gt;</a>&nbsp;&nbsp;&nbsp;UART0_IRQHandler
</UL>

<P><STRONG><a name="[a4]"></a>DL_UART_receiveData</STRONG> (Thumb, 16 bytes, Stack size 4 bytes, empty.o(.text.DL_UART_receiveData))
<BR><BR>[Stack]<UL><LI>Max Depth = 4<LI>Call Chain = DL_UART_receiveData
</UL>
<BR>[Called By]<UL><LI><a href="#[c]">&gt;&gt;</a>&nbsp;&nbsp;&nbsp;UART0_IRQHandler
</UL>

<P><STRONG><a name="[98]"></a>DL_GPIO_reset</STRONG> (Thumb, 16 bytes, Stack size 4 bytes, ti_msp_dl_config.o(.text.DL_GPIO_reset))
<BR><BR>[Stack]<UL><LI>Max Depth = 4<LI>Call Chain = DL_GPIO_reset
</UL>
<BR>[Called By]<UL><LI><a href="#[97]">&gt;&gt;</a>&nbsp;&nbsp;&nbsp;SYSCFG_DL_initPower
</UL>

<P><STRONG><a name="[99]"></a>DL_Timer_reset</STRONG> (Thumb, 16 bytes, Stack size 4 bytes, ti_msp_dl_config.o(.text.DL_Timer_reset))
<BR><BR>[Stack]<UL><LI>Max Depth = 4<LI>Call Chain = DL_Timer_reset
</UL>
<BR>[Called By]<UL><LI><a href="#[97]">&gt;&gt;</a>&nbsp;&nbsp;&nbsp;SYSCFG_DL_initPower
</UL>

<P><STRONG><a name="[9a]"></a>DL_I2C_reset</STRONG> (Thumb, 16 bytes, Stack size 4 bytes, ti_msp_dl_config.o(.text.DL_I2C_reset))
<BR><BR>[Stack]<UL><LI>Max Depth = 4<LI>Call Chain = DL_I2C_reset
</UL>
<BR>[Called By]<UL><LI><a href="#[97]">&gt;&gt;</a>&nbsp;&nbsp;&nbsp;SYSCFG_DL_initPower
</UL>

<P><STRONG><a name="[9b]"></a>DL_UART_reset</STRONG> (Thumb, 16 bytes, Stack size 4 bytes, ti_msp_dl_config.o(.text.DL_UART_reset))
<BR><BR>[Stack]<UL><LI>Max Depth = 4<LI>Call Chain = DL_UART_reset
</UL>
<BR>[Called By]<UL><LI><a href="#[97]">&gt;&gt;</a>&nbsp;&nbsp;&nbsp;SYSCFG_DL_initPower
</UL>

<P><STRONG><a name="[9c]"></a>DL_GPIO_enablePower</STRONG> (Thumb, 20 bytes, Stack size 4 bytes, ti_msp_dl_config.o(.text.DL_GPIO_enablePower))
<BR><BR>[Stack]<UL><LI>Max Depth = 4<LI>Call Chain = DL_GPIO_enablePower
</UL>
<BR>[Called By]<UL><LI><a href="#[97]">&gt;&gt;</a>&nbsp;&nbsp;&nbsp;SYSCFG_DL_initPower
</UL>

<P><STRONG><a name="[9d]"></a>DL_Timer_enablePower</STRONG> (Thumb, 20 bytes, Stack size 4 bytes, ti_msp_dl_config.o(.text.DL_Timer_enablePower))
<BR><BR>[Stack]<UL><LI>Max Depth = 4<LI>Call Chain = DL_Timer_enablePower
</UL>
<BR>[Called By]<UL><LI><a href="#[97]">&gt;&gt;</a>&nbsp;&nbsp;&nbsp;SYSCFG_DL_initPower
</UL>

<P><STRONG><a name="[9e]"></a>DL_I2C_enablePower</STRONG> (Thumb, 20 bytes, Stack size 4 bytes, ti_msp_dl_config.o(.text.DL_I2C_enablePower))
<BR><BR>[Stack]<UL><LI>Max Depth = 4<LI>Call Chain = DL_I2C_enablePower
</UL>
<BR>[Called By]<UL><LI><a href="#[97]">&gt;&gt;</a>&nbsp;&nbsp;&nbsp;SYSCFG_DL_initPower
</UL>

<P><STRONG><a name="[9f]"></a>DL_UART_enablePower</STRONG> (Thumb, 20 bytes, Stack size 4 bytes, ti_msp_dl_config.o(.text.DL_UART_enablePower))
<BR><BR>[Stack]<UL><LI>Max Depth = 4<LI>Call Chain = DL_UART_enablePower
</UL>
<BR>[Called By]<UL><LI><a href="#[97]">&gt;&gt;</a>&nbsp;&nbsp;&nbsp;SYSCFG_DL_initPower
</UL>

<P><STRONG><a name="[76]"></a>DL_GPIO_initPeripheralInputFunctionFeatures</STRONG> (Thumb, 52 bytes, Stack size 24 bytes, ti_msp_dl_config.o(.text.DL_GPIO_initPeripheralInputFunctionFeatures))
<BR><BR>[Stack]<UL><LI>Max Depth = 24<LI>Call Chain = DL_GPIO_initPeripheralInputFunctionFeatures
</UL>
<BR>[Called By]<UL><LI><a href="#[75]">&gt;&gt;</a>&nbsp;&nbsp;&nbsp;SYSCFG_DL_GPIO_init
</UL>

<P><STRONG><a name="[77]"></a>DL_GPIO_enableHiZ</STRONG> (Thumb, 24 bytes, Stack size 4 bytes, ti_msp_dl_config.o(.text.DL_GPIO_enableHiZ))
<BR><BR>[Stack]<UL><LI>Max Depth = 4<LI>Call Chain = DL_GPIO_enableHiZ
</UL>
<BR>[Called By]<UL><LI><a href="#[75]">&gt;&gt;</a>&nbsp;&nbsp;&nbsp;SYSCFG_DL_GPIO_init
</UL>

<P><STRONG><a name="[78]"></a>DL_GPIO_initPeripheralOutputFunction</STRONG> (Thumb, 24 bytes, Stack size 8 bytes, ti_msp_dl_config.o(.text.DL_GPIO_initPeripheralOutputFunction))
<BR><BR>[Stack]<UL><LI>Max Depth = 8<LI>Call Chain = DL_GPIO_initPeripheralOutputFunction
</UL>
<BR>[Called By]<UL><LI><a href="#[75]">&gt;&gt;</a>&nbsp;&nbsp;&nbsp;SYSCFG_DL_GPIO_init
</UL>

<P><STRONG><a name="[79]"></a>DL_GPIO_initPeripheralInputFunction</STRONG> (Thumb, 24 bytes, Stack size 8 bytes, ti_msp_dl_config.o(.text.DL_GPIO_initPeripheralInputFunction))
<BR><BR>[Stack]<UL><LI>Max Depth = 8<LI>Call Chain = DL_GPIO_initPeripheralInputFunction
</UL>
<BR>[Called By]<UL><LI><a href="#[75]">&gt;&gt;</a>&nbsp;&nbsp;&nbsp;SYSCFG_DL_GPIO_init
</UL>

<P><STRONG><a name="[7a]"></a>DL_GPIO_initDigitalOutput</STRONG> (Thumb, 20 bytes, Stack size 4 bytes, ti_msp_dl_config.o(.text.DL_GPIO_initDigitalOutput))
<BR><BR>[Stack]<UL><LI>Max Depth = 4<LI>Call Chain = DL_GPIO_initDigitalOutput
</UL>
<BR>[Called By]<UL><LI><a href="#[75]">&gt;&gt;</a>&nbsp;&nbsp;&nbsp;SYSCFG_DL_GPIO_init
</UL>

<P><STRONG><a name="[7b]"></a>DL_GPIO_clearPins</STRONG> (Thumb, 20 bytes, Stack size 8 bytes, ti_msp_dl_config.o(.text.DL_GPIO_clearPins))
<BR><BR>[Stack]<UL><LI>Max Depth = 8<LI>Call Chain = DL_GPIO_clearPins
</UL>
<BR>[Called By]<UL><LI><a href="#[75]">&gt;&gt;</a>&nbsp;&nbsp;&nbsp;SYSCFG_DL_GPIO_init
</UL>

<P><STRONG><a name="[7c]"></a>DL_GPIO_setPins</STRONG> (Thumb, 20 bytes, Stack size 8 bytes, ti_msp_dl_config.o(.text.DL_GPIO_setPins))
<BR><BR>[Stack]<UL><LI>Max Depth = 8<LI>Call Chain = DL_GPIO_setPins
</UL>
<BR>[Called By]<UL><LI><a href="#[75]">&gt;&gt;</a>&nbsp;&nbsp;&nbsp;SYSCFG_DL_GPIO_init
</UL>

<P><STRONG><a name="[7d]"></a>DL_GPIO_enableOutput</STRONG> (Thumb, 20 bytes, Stack size 8 bytes, ti_msp_dl_config.o(.text.DL_GPIO_enableOutput))
<BR><BR>[Stack]<UL><LI>Max Depth = 8<LI>Call Chain = DL_GPIO_enableOutput
</UL>
<BR>[Called By]<UL><LI><a href="#[75]">&gt;&gt;</a>&nbsp;&nbsp;&nbsp;SYSCFG_DL_GPIO_init
</UL>

<P><STRONG><a name="[85]"></a>DL_SYSCTL_setBORThreshold</STRONG> (Thumb, 20 bytes, Stack size 4 bytes, ti_msp_dl_config.o(.text.DL_SYSCTL_setBORThreshold))
<BR><BR>[Stack]<UL><LI>Max Depth = 4<LI>Call Chain = DL_SYSCTL_setBORThreshold
</UL>
<BR>[Called By]<UL><LI><a href="#[84]">&gt;&gt;</a>&nbsp;&nbsp;&nbsp;SYSCFG_DL_SYSCTL_init
</UL>

<P><STRONG><a name="[4f]"></a>DL_SYSCTL_setSYSOSCFreq</STRONG> (Thumb, 24 bytes, Stack size 16 bytes, ti_msp_dl_config.o(.text.DL_SYSCTL_setSYSOSCFreq))
<BR><BR>[Stack]<UL><LI>Max Depth = 32<LI>Call Chain = DL_SYSCTL_setSYSOSCFreq &rArr; DL_Common_updateReg
</UL>
<BR>[Calls]<UL><LI><a href="#[47]">&gt;&gt;</a>&nbsp;&nbsp;&nbsp;DL_Common_updateReg
</UL>
<BR>[Called By]<UL><LI><a href="#[84]">&gt;&gt;</a>&nbsp;&nbsp;&nbsp;SYSCFG_DL_SYSCTL_init
</UL>

<P><STRONG><a name="[86]"></a>DL_SYSCTL_enableMFCLK</STRONG> (Thumb, 16 bytes, Stack size 0 bytes, ti_msp_dl_config.o(.text.DL_SYSCTL_enableMFCLK))
<BR><BR>[Called By]<UL><LI><a href="#[84]">&gt;&gt;</a>&nbsp;&nbsp;&nbsp;SYSCFG_DL_SYSCTL_init
</UL>

<P><STRONG><a name="[4e]"></a>DL_SYSCTL_setMCLKDivider</STRONG> (Thumb, 24 bytes, Stack size 16 bytes, ti_msp_dl_config.o(.text.DL_SYSCTL_setMCLKDivider))
<BR><BR>[Stack]<UL><LI>Max Depth = 32<LI>Call Chain = DL_SYSCTL_setMCLKDivider &rArr; DL_Common_updateReg
</UL>
<BR>[Calls]<UL><LI><a href="#[47]">&gt;&gt;</a>&nbsp;&nbsp;&nbsp;DL_Common_updateReg
</UL>
<BR>[Called By]<UL><LI><a href="#[84]">&gt;&gt;</a>&nbsp;&nbsp;&nbsp;SYSCFG_DL_SYSCTL_init
</UL>

<P><STRONG><a name="[89]"></a>DL_Timer_enableInterrupt</STRONG> (Thumb, 24 bytes, Stack size 8 bytes, ti_msp_dl_config.o(.text.DL_Timer_enableInterrupt))
<BR><BR>[Stack]<UL><LI>Max Depth = 8<LI>Call Chain = DL_Timer_enableInterrupt
</UL>
<BR>[Called By]<UL><LI><a href="#[8e]">&gt;&gt;</a>&nbsp;&nbsp;&nbsp;SYSCFG_DL_TIMER_1_init
<LI><a href="#[87]">&gt;&gt;</a>&nbsp;&nbsp;&nbsp;SYSCFG_DL_TIMER_0_init
</UL>

<P><STRONG><a name="[8a]"></a>__NVIC_SetPriority</STRONG> (Thumb, 124 bytes, Stack size 24 bytes, ti_msp_dl_config.o(.text.__NVIC_SetPriority))
<BR><BR>[Stack]<UL><LI>Max Depth = 24<LI>Call Chain = __NVIC_SetPriority
</UL>
<BR>[Called By]<UL><LI><a href="#[8e]">&gt;&gt;</a>&nbsp;&nbsp;&nbsp;SYSCFG_DL_TIMER_1_init
<LI><a href="#[87]">&gt;&gt;</a>&nbsp;&nbsp;&nbsp;SYSCFG_DL_TIMER_0_init
</UL>

<P><STRONG><a name="[8b]"></a>DL_Timer_enableClock</STRONG> (Thumb, 16 bytes, Stack size 4 bytes, ti_msp_dl_config.o(.text.DL_Timer_enableClock))
<BR><BR>[Stack]<UL><LI>Max Depth = 4<LI>Call Chain = DL_Timer_enableClock
</UL>
<BR>[Called By]<UL><LI><a href="#[8e]">&gt;&gt;</a>&nbsp;&nbsp;&nbsp;SYSCFG_DL_TIMER_1_init
<LI><a href="#[87]">&gt;&gt;</a>&nbsp;&nbsp;&nbsp;SYSCFG_DL_TIMER_0_init
</UL>

<P><STRONG><a name="[8c]"></a>DL_Timer_configCrossTrigger</STRONG> (Thumb, 44 bytes, Stack size 28 bytes, ti_msp_dl_config.o(.text.DL_Timer_configCrossTrigger))
<BR><BR>[Stack]<UL><LI>Max Depth = 28<LI>Call Chain = DL_Timer_configCrossTrigger
</UL>
<BR>[Called By]<UL><LI><a href="#[8e]">&gt;&gt;</a>&nbsp;&nbsp;&nbsp;SYSCFG_DL_TIMER_1_init
<LI><a href="#[87]">&gt;&gt;</a>&nbsp;&nbsp;&nbsp;SYSCFG_DL_TIMER_0_init
</UL>

<P><STRONG><a name="[56]"></a>DL_Timer_setExternalTriggerEvent</STRONG> (Thumb, 36 bytes, Stack size 24 bytes, ti_msp_dl_config.o(.text.DL_Timer_setExternalTriggerEvent))
<BR><BR>[Stack]<UL><LI>Max Depth = 40<LI>Call Chain = DL_Timer_setExternalTriggerEvent &rArr; DL_Common_updateReg
</UL>
<BR>[Calls]<UL><LI><a href="#[47]">&gt;&gt;</a>&nbsp;&nbsp;&nbsp;DL_Common_updateReg
</UL>
<BR>[Called By]<UL><LI><a href="#[8e]">&gt;&gt;</a>&nbsp;&nbsp;&nbsp;SYSCFG_DL_TIMER_1_init
<LI><a href="#[87]">&gt;&gt;</a>&nbsp;&nbsp;&nbsp;SYSCFG_DL_TIMER_0_init
</UL>

<P><STRONG><a name="[8d]"></a>DL_Timer_enableExternalTrigger</STRONG> (Thumb, 24 bytes, Stack size 4 bytes, ti_msp_dl_config.o(.text.DL_Timer_enableExternalTrigger))
<BR><BR>[Stack]<UL><LI>Max Depth = 4<LI>Call Chain = DL_Timer_enableExternalTrigger
</UL>
<BR>[Called By]<UL><LI><a href="#[8e]">&gt;&gt;</a>&nbsp;&nbsp;&nbsp;SYSCFG_DL_TIMER_1_init
<LI><a href="#[87]">&gt;&gt;</a>&nbsp;&nbsp;&nbsp;SYSCFG_DL_TIMER_0_init
</UL>

<P><STRONG><a name="[46]"></a>DL_I2C_setAnalogGlitchFilterPulseWidth</STRONG> (Thumb, 38 bytes, Stack size 24 bytes, ti_msp_dl_config.o(.text.DL_I2C_setAnalogGlitchFilterPulseWidth))
<BR><BR>[Stack]<UL><LI>Max Depth = 40<LI>Call Chain = DL_I2C_setAnalogGlitchFilterPulseWidth &rArr; DL_Common_updateReg
</UL>
<BR>[Calls]<UL><LI><a href="#[47]">&gt;&gt;</a>&nbsp;&nbsp;&nbsp;DL_Common_updateReg
</UL>
<BR>[Called By]<UL><LI><a href="#[7e]">&gt;&gt;</a>&nbsp;&nbsp;&nbsp;SYSCFG_DL_I2C_0_init
</UL>

<P><STRONG><a name="[7f]"></a>DL_I2C_enableAnalogGlitchFilter</STRONG> (Thumb, 24 bytes, Stack size 4 bytes, ti_msp_dl_config.o(.text.DL_I2C_enableAnalogGlitchFilter))
<BR><BR>[Stack]<UL><LI>Max Depth = 4<LI>Call Chain = DL_I2C_enableAnalogGlitchFilter
</UL>
<BR>[Called By]<UL><LI><a href="#[7e]">&gt;&gt;</a>&nbsp;&nbsp;&nbsp;SYSCFG_DL_I2C_0_init
</UL>

<P><STRONG><a name="[80]"></a>DL_I2C_resetControllerTransfer</STRONG> (Thumb, 16 bytes, Stack size 4 bytes, ti_msp_dl_config.o(.text.DL_I2C_resetControllerTransfer))
<BR><BR>[Stack]<UL><LI>Max Depth = 4<LI>Call Chain = DL_I2C_resetControllerTransfer
</UL>
<BR>[Called By]<UL><LI><a href="#[7e]">&gt;&gt;</a>&nbsp;&nbsp;&nbsp;SYSCFG_DL_I2C_0_init
</UL>

<P><STRONG><a name="[81]"></a>DL_I2C_setTimerPeriod</STRONG> (Thumb, 20 bytes, Stack size 8 bytes, ti_msp_dl_config.o(.text.DL_I2C_setTimerPeriod))
<BR><BR>[Stack]<UL><LI>Max Depth = 8<LI>Call Chain = DL_I2C_setTimerPeriod
</UL>
<BR>[Called By]<UL><LI><a href="#[7e]">&gt;&gt;</a>&nbsp;&nbsp;&nbsp;SYSCFG_DL_I2C_0_init
</UL>

<P><STRONG><a name="[4b]"></a>DL_I2C_setControllerTXFIFOThreshold</STRONG> (Thumb, 36 bytes, Stack size 24 bytes, ti_msp_dl_config.o(.text.DL_I2C_setControllerTXFIFOThreshold))
<BR><BR>[Stack]<UL><LI>Max Depth = 40<LI>Call Chain = DL_I2C_setControllerTXFIFOThreshold &rArr; DL_Common_updateReg
</UL>
<BR>[Calls]<UL><LI><a href="#[47]">&gt;&gt;</a>&nbsp;&nbsp;&nbsp;DL_Common_updateReg
</UL>
<BR>[Called By]<UL><LI><a href="#[7e]">&gt;&gt;</a>&nbsp;&nbsp;&nbsp;SYSCFG_DL_I2C_0_init
</UL>

<P><STRONG><a name="[4a]"></a>DL_I2C_setControllerRXFIFOThreshold</STRONG> (Thumb, 36 bytes, Stack size 24 bytes, ti_msp_dl_config.o(.text.DL_I2C_setControllerRXFIFOThreshold))
<BR><BR>[Stack]<UL><LI>Max Depth = 40<LI>Call Chain = DL_I2C_setControllerRXFIFOThreshold &rArr; DL_Common_updateReg
</UL>
<BR>[Calls]<UL><LI><a href="#[47]">&gt;&gt;</a>&nbsp;&nbsp;&nbsp;DL_Common_updateReg
</UL>
<BR>[Called By]<UL><LI><a href="#[7e]">&gt;&gt;</a>&nbsp;&nbsp;&nbsp;SYSCFG_DL_I2C_0_init
</UL>

<P><STRONG><a name="[82]"></a>DL_I2C_enableControllerClockStretching</STRONG> (Thumb, 20 bytes, Stack size 4 bytes, ti_msp_dl_config.o(.text.DL_I2C_enableControllerClockStretching))
<BR><BR>[Stack]<UL><LI>Max Depth = 4<LI>Call Chain = DL_I2C_enableControllerClockStretching
</UL>
<BR>[Called By]<UL><LI><a href="#[7e]">&gt;&gt;</a>&nbsp;&nbsp;&nbsp;SYSCFG_DL_I2C_0_init
</UL>

<P><STRONG><a name="[83]"></a>DL_I2C_enableController</STRONG> (Thumb, 20 bytes, Stack size 4 bytes, ti_msp_dl_config.o(.text.DL_I2C_enableController))
<BR><BR>[Stack]<UL><LI>Max Depth = 4<LI>Call Chain = DL_I2C_enableController
</UL>
<BR>[Called By]<UL><LI><a href="#[7e]">&gt;&gt;</a>&nbsp;&nbsp;&nbsp;SYSCFG_DL_I2C_0_init
</UL>

<P><STRONG><a name="[5b]"></a>DL_UART_setOversampling</STRONG> (Thumb, 30 bytes, Stack size 16 bytes, ti_msp_dl_config.o(.text.DL_UART_setOversampling))
<BR><BR>[Stack]<UL><LI>Max Depth = 32<LI>Call Chain = DL_UART_setOversampling &rArr; DL_Common_updateReg
</UL>
<BR>[Calls]<UL><LI><a href="#[47]">&gt;&gt;</a>&nbsp;&nbsp;&nbsp;DL_Common_updateReg
</UL>
<BR>[Called By]<UL><LI><a href="#[95]">&gt;&gt;</a>&nbsp;&nbsp;&nbsp;SYSCFG_DL_UART_1_init
<LI><a href="#[91]">&gt;&gt;</a>&nbsp;&nbsp;&nbsp;SYSCFG_DL_UART_0_init
</UL>

<P><STRONG><a name="[5a]"></a>DL_UART_setBaudRateDivisor</STRONG> (Thumb, 60 bytes, Stack size 24 bytes, ti_msp_dl_config.o(.text.DL_UART_setBaudRateDivisor))
<BR><BR>[Stack]<UL><LI>Max Depth = 40<LI>Call Chain = DL_UART_setBaudRateDivisor &rArr; DL_Common_updateReg
</UL>
<BR>[Calls]<UL><LI><a href="#[47]">&gt;&gt;</a>&nbsp;&nbsp;&nbsp;DL_Common_updateReg
</UL>
<BR>[Called By]<UL><LI><a href="#[95]">&gt;&gt;</a>&nbsp;&nbsp;&nbsp;SYSCFG_DL_UART_1_init
<LI><a href="#[91]">&gt;&gt;</a>&nbsp;&nbsp;&nbsp;SYSCFG_DL_UART_0_init
</UL>

<P><STRONG><a name="[93]"></a>DL_UART_enableInterrupt</STRONG> (Thumb, 24 bytes, Stack size 8 bytes, ti_msp_dl_config.o(.text.DL_UART_enableInterrupt))
<BR><BR>[Stack]<UL><LI>Max Depth = 8<LI>Call Chain = DL_UART_enableInterrupt
</UL>
<BR>[Called By]<UL><LI><a href="#[91]">&gt;&gt;</a>&nbsp;&nbsp;&nbsp;SYSCFG_DL_UART_0_init
</UL>

<P><STRONG><a name="[94]"></a>DL_UART_enable</STRONG> (Thumb, 22 bytes, Stack size 4 bytes, ti_msp_dl_config.o(.text.DL_UART_enable))
<BR><BR>[Stack]<UL><LI>Max Depth = 4<LI>Call Chain = DL_UART_enable
</UL>
<BR>[Called By]<UL><LI><a href="#[95]">&gt;&gt;</a>&nbsp;&nbsp;&nbsp;SYSCFG_DL_UART_1_init
<LI><a href="#[91]">&gt;&gt;</a>&nbsp;&nbsp;&nbsp;SYSCFG_DL_UART_0_init
</UL>

<P><STRONG><a name="[90]"></a>DL_Timer_generateCrossTrigger</STRONG> (Thumb, 16 bytes, Stack size 4 bytes, ti_msp_dl_config.o(.text.DL_Timer_generateCrossTrigger))
<BR><BR>[Stack]<UL><LI>Max Depth = 4<LI>Call Chain = DL_Timer_generateCrossTrigger
</UL>
<BR>[Called By]<UL><LI><a href="#[8f]">&gt;&gt;</a>&nbsp;&nbsp;&nbsp;SYSCFG_DL_TIMER_Cross_Trigger_init
</UL>

<P><STRONG><a name="[47]"></a>DL_Common_updateReg</STRONG> (Thumb, 40 bytes, Stack size 16 bytes, ti_msp_dl_config.o(.text.DL_Common_updateReg))
<BR><BR>[Stack]<UL><LI>Max Depth = 16<LI>Call Chain = DL_Common_updateReg
</UL>
<BR>[Called By]<UL><LI><a href="#[5a]">&gt;&gt;</a>&nbsp;&nbsp;&nbsp;DL_UART_setBaudRateDivisor
<LI><a href="#[5b]">&gt;&gt;</a>&nbsp;&nbsp;&nbsp;DL_UART_setOversampling
<LI><a href="#[4a]">&gt;&gt;</a>&nbsp;&nbsp;&nbsp;DL_I2C_setControllerRXFIFOThreshold
<LI><a href="#[4b]">&gt;&gt;</a>&nbsp;&nbsp;&nbsp;DL_I2C_setControllerTXFIFOThreshold
<LI><a href="#[46]">&gt;&gt;</a>&nbsp;&nbsp;&nbsp;DL_I2C_setAnalogGlitchFilterPulseWidth
<LI><a href="#[56]">&gt;&gt;</a>&nbsp;&nbsp;&nbsp;DL_Timer_setExternalTriggerEvent
<LI><a href="#[4e]">&gt;&gt;</a>&nbsp;&nbsp;&nbsp;DL_SYSCTL_setMCLKDivider
<LI><a href="#[4f]">&gt;&gt;</a>&nbsp;&nbsp;&nbsp;DL_SYSCTL_setSYSOSCFreq
</UL>

<P><STRONG><a name="[70]"></a>DL_GPIO_setPins</STRONG> (Thumb, 20 bytes, Stack size 8 bytes, oled.o(.text.DL_GPIO_setPins))
<BR><BR>[Stack]<UL><LI>Max Depth = 8<LI>Call Chain = DL_GPIO_setPins
</UL>
<BR>[Called By]<UL><LI><a href="#[6e]">&gt;&gt;</a>&nbsp;&nbsp;&nbsp;OLED_WR_Byte
<LI><a href="#[6f]">&gt;&gt;</a>&nbsp;&nbsp;&nbsp;OLED_Init
</UL>

<P><STRONG><a name="[72]"></a>DL_GPIO_clearPins</STRONG> (Thumb, 20 bytes, Stack size 8 bytes, oled.o(.text.DL_GPIO_clearPins))
<BR><BR>[Stack]<UL><LI>Max Depth = 8<LI>Call Chain = DL_GPIO_clearPins
</UL>
<BR>[Called By]<UL><LI><a href="#[6e]">&gt;&gt;</a>&nbsp;&nbsp;&nbsp;OLED_WR_Byte
<LI><a href="#[6f]">&gt;&gt;</a>&nbsp;&nbsp;&nbsp;OLED_Init
</UL>

<P><STRONG><a name="[6c]"></a>DL_I2C_getControllerStatus</STRONG> (Thumb, 16 bytes, Stack size 4 bytes, i2c_communication.o(.text.DL_I2C_getControllerStatus))
<BR><BR>[Stack]<UL><LI>Max Depth = 4<LI>Call Chain = DL_I2C_getControllerStatus
</UL>
<BR>[Called By]<UL><LI><a href="#[62]">&gt;&gt;</a>&nbsp;&nbsp;&nbsp;I2C_WriteReg
<LI><a href="#[60]">&gt;&gt;</a>&nbsp;&nbsp;&nbsp;I2C_ReadReg
</UL>

<P><STRONG><a name="[4c]"></a>DL_I2C_startControllerTransfer</STRONG> (Thumb, 64 bytes, Stack size 32 bytes, i2c_communication.o(.text.DL_I2C_startControllerTransfer))
<BR><BR>[Stack]<UL><LI>Max Depth = 48<LI>Call Chain = DL_I2C_startControllerTransfer &rArr; DL_Common_updateReg
</UL>
<BR>[Calls]<UL><LI><a href="#[4d]">&gt;&gt;</a>&nbsp;&nbsp;&nbsp;DL_Common_updateReg
</UL>
<BR>[Called By]<UL><LI><a href="#[62]">&gt;&gt;</a>&nbsp;&nbsp;&nbsp;I2C_WriteReg
<LI><a href="#[60]">&gt;&gt;</a>&nbsp;&nbsp;&nbsp;I2C_ReadReg
</UL>

<P><STRONG><a name="[4d]"></a>DL_Common_updateReg</STRONG> (Thumb, 40 bytes, Stack size 16 bytes, i2c_communication.o(.text.DL_Common_updateReg))
<BR><BR>[Stack]<UL><LI>Max Depth = 16<LI>Call Chain = DL_Common_updateReg
</UL>
<BR>[Called By]<UL><LI><a href="#[4c]">&gt;&gt;</a>&nbsp;&nbsp;&nbsp;DL_I2C_startControllerTransfer
</UL>

<P><STRONG><a name="[6a]"></a>DL_I2C_isControllerRXFIFOEmpty</STRONG> (Thumb, 24 bytes, Stack size 4 bytes, i2c_communication.o(.text.DL_I2C_isControllerRXFIFOEmpty))
<BR><BR>[Stack]<UL><LI>Max Depth = 4<LI>Call Chain = DL_I2C_isControllerRXFIFOEmpty
</UL>
<BR>[Called By]<UL><LI><a href="#[11]">&gt;&gt;</a>&nbsp;&nbsp;&nbsp;I2C1_IRQHandler
<LI><a href="#[60]">&gt;&gt;</a>&nbsp;&nbsp;&nbsp;I2C_ReadReg
</UL>

<P><STRONG><a name="[6b]"></a>DL_I2C_receiveControllerData</STRONG> (Thumb, 16 bytes, Stack size 4 bytes, i2c_communication.o(.text.DL_I2C_receiveControllerData))
<BR><BR>[Stack]<UL><LI>Max Depth = 4<LI>Call Chain = DL_I2C_receiveControllerData
</UL>
<BR>[Called By]<UL><LI><a href="#[11]">&gt;&gt;</a>&nbsp;&nbsp;&nbsp;I2C1_IRQHandler
<LI><a href="#[60]">&gt;&gt;</a>&nbsp;&nbsp;&nbsp;I2C_ReadReg
</UL>

<P><STRONG><a name="[68]"></a>DL_I2C_getPendingInterrupt</STRONG> (Thumb, 18 bytes, Stack size 4 bytes, i2c_communication.o(.text.DL_I2C_getPendingInterrupt))
<BR><BR>[Stack]<UL><LI>Max Depth = 4<LI>Call Chain = DL_I2C_getPendingInterrupt
</UL>
<BR>[Called By]<UL><LI><a href="#[11]">&gt;&gt;</a>&nbsp;&nbsp;&nbsp;I2C1_IRQHandler
</UL>

<P><STRONG><a name="[69]"></a>DL_I2C_disableInterrupt</STRONG> (Thumb, 24 bytes, Stack size 8 bytes, i2c_communication.o(.text.DL_I2C_disableInterrupt))
<BR><BR>[Stack]<UL><LI>Max Depth = 8<LI>Call Chain = DL_I2C_disableInterrupt
</UL>
<BR>[Called By]<UL><LI><a href="#[11]">&gt;&gt;</a>&nbsp;&nbsp;&nbsp;I2C1_IRQHandler
</UL>

<P><STRONG><a name="[31]"></a>DL_FlashCTL_setCommandAddress</STRONG> (Thumb, 20 bytes, Stack size 8 bytes, dl_flashctl.o(.text.DL_FlashCTL_setCommandAddress))
<BR><BR>[Stack]<UL><LI>Max Depth = 8<LI>Call Chain = DL_FlashCTL_setCommandAddress
</UL>
<BR>[Called By]<UL><LI><a href="#[38]">&gt;&gt;</a>&nbsp;&nbsp;&nbsp;DL_FlashCTL_programMemoryConfig
<LI><a href="#[30]">&gt;&gt;</a>&nbsp;&nbsp;&nbsp;DL_FlashCTL_eraseMemoryFromRAM
</UL>

<P><STRONG><a name="[32]"></a>DL_FlashCTL_executeCommandFromRAM</STRONG> (Thumb, 60 bytes, Stack size 8 bytes, dl_flashctl.o(.ramfunc))
<BR><BR>[Stack]<UL><LI>Max Depth = 8<LI>Call Chain = DL_FlashCTL_executeCommandFromRAM
</UL>
<BR>[Called By]<UL><LI><a href="#[3c]">&gt;&gt;</a>&nbsp;&nbsp;&nbsp;DL_FlashCTL_programMemoryFromRAM32 (via Veneer)
<LI><a href="#[30]">&gt;&gt;</a>&nbsp;&nbsp;&nbsp;DL_FlashCTL_eraseMemoryFromRAM (via Veneer)
<LI><a href="#[3d]">&gt;&gt;</a>&nbsp;&nbsp;&nbsp;DL_FlashCTL_programMemoryFromRAM64 (via Veneer)
</UL>

<P><STRONG><a name="[2d]"></a>DL_CORE_getInstructionConfig</STRONG> (Thumb, 12 bytes, Stack size 0 bytes, dl_flashctl.o(.text.DL_CORE_getInstructionConfig))
<BR><BR>[Called By]<UL><LI><a href="#[2c]">&gt;&gt;</a>&nbsp;&nbsp;&nbsp;DL_FactoryRegion_getMAINFlashSize
<LI><a href="#[2f]">&gt;&gt;</a>&nbsp;&nbsp;&nbsp;DL_FactoryRegion_getNumBanks
</UL>

<P><STRONG><a name="[2e]"></a>DL_CORE_configInstruction</STRONG> (Thumb, 28 bytes, Stack size 12 bytes, dl_flashctl.o(.text.DL_CORE_configInstruction))
<BR><BR>[Stack]<UL><LI>Max Depth = 12<LI>Call Chain = DL_CORE_configInstruction
</UL>
<BR>[Called By]<UL><LI><a href="#[2c]">&gt;&gt;</a>&nbsp;&nbsp;&nbsp;DL_FactoryRegion_getMAINFlashSize
<LI><a href="#[2f]">&gt;&gt;</a>&nbsp;&nbsp;&nbsp;DL_FactoryRegion_getNumBanks
</UL>

<P><STRONG><a name="[2f]"></a>DL_FactoryRegion_getNumBanks</STRONG> (Thumb, 52 bytes, Stack size 16 bytes, dl_flashctl.o(.text.DL_FactoryRegion_getNumBanks))
<BR><BR>[Stack]<UL><LI>Max Depth = 28<LI>Call Chain = DL_FactoryRegion_getNumBanks &rArr; DL_CORE_configInstruction
</UL>
<BR>[Calls]<UL><LI><a href="#[2e]">&gt;&gt;</a>&nbsp;&nbsp;&nbsp;DL_CORE_configInstruction
<LI><a href="#[2d]">&gt;&gt;</a>&nbsp;&nbsp;&nbsp;DL_CORE_getInstructionConfig
</UL>
<BR>[Called By]<UL><LI><a href="#[33]">&gt;&gt;</a>&nbsp;&nbsp;&nbsp;DL_FlashCTL_getFlashSectorNumberInBank
<LI><a href="#[3b]">&gt;&gt;</a>&nbsp;&nbsp;&nbsp;DL_FlashCTL_unprotectSector
</UL>

<P><STRONG><a name="[2c]"></a>DL_FactoryRegion_getMAINFlashSize</STRONG> (Thumb, 44 bytes, Stack size 16 bytes, dl_flashctl.o(.text.DL_FactoryRegion_getMAINFlashSize))
<BR><BR>[Stack]<UL><LI>Max Depth = 28<LI>Call Chain = DL_FactoryRegion_getMAINFlashSize &rArr; DL_CORE_configInstruction
</UL>
<BR>[Calls]<UL><LI><a href="#[2e]">&gt;&gt;</a>&nbsp;&nbsp;&nbsp;DL_CORE_configInstruction
<LI><a href="#[2d]">&gt;&gt;</a>&nbsp;&nbsp;&nbsp;DL_CORE_getInstructionConfig
</UL>
<BR>[Called By]<UL><LI><a href="#[33]">&gt;&gt;</a>&nbsp;&nbsp;&nbsp;DL_FlashCTL_getFlashSectorNumberInBank
<LI><a href="#[3b]">&gt;&gt;</a>&nbsp;&nbsp;&nbsp;DL_FlashCTL_unprotectSector
</UL>

<P><STRONG><a name="[38]"></a>DL_FlashCTL_programMemoryConfig</STRONG> (Thumb, 40 bytes, Stack size 24 bytes, dl_flashctl.o(.text.DL_FlashCTL_programMemoryConfig))
<BR><BR>[Stack]<UL><LI>Max Depth = 32<LI>Call Chain = DL_FlashCTL_programMemoryConfig &rArr; DL_FlashCTL_setCommandAddress
</UL>
<BR>[Calls]<UL><LI><a href="#[31]">&gt;&gt;</a>&nbsp;&nbsp;&nbsp;DL_FlashCTL_setCommandAddress
</UL>
<BR>[Called By]<UL><LI><a href="#[39]">&gt;&gt;</a>&nbsp;&nbsp;&nbsp;DL_FlashCTL_programMemory64Config
<LI><a href="#[37]">&gt;&gt;</a>&nbsp;&nbsp;&nbsp;DL_FlashCTL_programMemory32Config
</UL>

<P><STRONG><a name="[37]"></a>DL_FlashCTL_programMemory32Config</STRONG> (Thumb, 36 bytes, Stack size 24 bytes, dl_flashctl.o(.text.DL_FlashCTL_programMemory32Config))
<BR><BR>[Stack]<UL><LI>Max Depth = 56<LI>Call Chain = DL_FlashCTL_programMemory32Config &rArr; DL_FlashCTL_programMemoryConfig &rArr; DL_FlashCTL_setCommandAddress
</UL>
<BR>[Calls]<UL><LI><a href="#[38]">&gt;&gt;</a>&nbsp;&nbsp;&nbsp;DL_FlashCTL_programMemoryConfig
</UL>
<BR>[Called By]<UL><LI><a href="#[3c]">&gt;&gt;</a>&nbsp;&nbsp;&nbsp;DL_FlashCTL_programMemoryFromRAM32
</UL>

<P><STRONG><a name="[39]"></a>DL_FlashCTL_programMemory64Config</STRONG> (Thumb, 48 bytes, Stack size 24 bytes, dl_flashctl.o(.text.DL_FlashCTL_programMemory64Config))
<BR><BR>[Stack]<UL><LI>Max Depth = 56<LI>Call Chain = DL_FlashCTL_programMemory64Config &rArr; DL_FlashCTL_programMemoryConfig &rArr; DL_FlashCTL_setCommandAddress
</UL>
<BR>[Calls]<UL><LI><a href="#[38]">&gt;&gt;</a>&nbsp;&nbsp;&nbsp;DL_FlashCTL_programMemoryConfig
</UL>
<BR>[Called By]<UL><LI><a href="#[3d]">&gt;&gt;</a>&nbsp;&nbsp;&nbsp;DL_FlashCTL_programMemoryFromRAM64
</UL>

<P><STRONG><a name="[34]"></a>DL_FlashCTL_getFlashSectorNumber</STRONG> (Thumb, 14 bytes, Stack size 8 bytes, dl_flashctl.o(.text.DL_FlashCTL_getFlashSectorNumber))
<BR><BR>[Stack]<UL><LI>Max Depth = 8<LI>Call Chain = DL_FlashCTL_getFlashSectorNumber
</UL>
<BR>[Called By]<UL><LI><a href="#[33]">&gt;&gt;</a>&nbsp;&nbsp;&nbsp;DL_FlashCTL_getFlashSectorNumberInBank
<LI><a href="#[3b]">&gt;&gt;</a>&nbsp;&nbsp;&nbsp;DL_FlashCTL_unprotectSector
</UL>

<P><STRONG><a name="[33]"></a>DL_FlashCTL_getFlashSectorNumberInBank</STRONG> (Thumb, 82 bytes, Stack size 40 bytes, dl_flashctl.o(.text.DL_FlashCTL_getFlashSectorNumberInBank))
<BR><BR>[Stack]<UL><LI>Max Depth = 68<LI>Call Chain = DL_FlashCTL_getFlashSectorNumberInBank &rArr; DL_FactoryRegion_getMAINFlashSize &rArr; DL_CORE_configInstruction
</UL>
<BR>[Calls]<UL><LI><a href="#[34]">&gt;&gt;</a>&nbsp;&nbsp;&nbsp;DL_FlashCTL_getFlashSectorNumber
<LI><a href="#[2c]">&gt;&gt;</a>&nbsp;&nbsp;&nbsp;DL_FactoryRegion_getMAINFlashSize
<LI><a href="#[2f]">&gt;&gt;</a>&nbsp;&nbsp;&nbsp;DL_FactoryRegion_getNumBanks
<LI><a href="#[36]">&gt;&gt;</a>&nbsp;&nbsp;&nbsp;__aeabi_uidivmod
<LI><a href="#[35]">&gt;&gt;</a>&nbsp;&nbsp;&nbsp;__aeabi_uidiv
</UL>
<BR>[Called By]<UL><LI><a href="#[3b]">&gt;&gt;</a>&nbsp;&nbsp;&nbsp;DL_FlashCTL_unprotectSector
</UL>

<P><STRONG><a name="[3e]"></a>DL_SYSCTL_isExecuteFromUpperFlashBank</STRONG> (Thumb, 4 bytes, Stack size 0 bytes, dl_flashctl.o(.text.DL_SYSCTL_isExecuteFromUpperFlashBank))
<BR><BR>[Called By]<UL><LI><a href="#[3b]">&gt;&gt;</a>&nbsp;&nbsp;&nbsp;DL_FlashCTL_unprotectSector
</UL>

<P><STRONG><a name="[49]"></a>DL_Common_updateReg</STRONG> (Thumb, 40 bytes, Stack size 16 bytes, dl_i2c.o(.text.DL_Common_updateReg))
<BR><BR>[Stack]<UL><LI>Max Depth = 16<LI>Call Chain = DL_Common_updateReg
</UL>
<BR>[Called By]<UL><LI><a href="#[48]">&gt;&gt;</a>&nbsp;&nbsp;&nbsp;DL_I2C_setClockConfig
</UL>

<P><STRONG><a name="[40]"></a>DL_I2C_isControllerTXFIFOFull</STRONG> (Thumb, 24 bytes, Stack size 4 bytes, dl_i2c.o(.text.DL_I2C_isControllerTXFIFOFull))
<BR><BR>[Stack]<UL><LI>Max Depth = 4<LI>Call Chain = DL_I2C_isControllerTXFIFOFull
</UL>
<BR>[Called By]<UL><LI><a href="#[3f]">&gt;&gt;</a>&nbsp;&nbsp;&nbsp;DL_I2C_fillControllerTXFIFO
</UL>

<P><STRONG><a name="[41]"></a>DL_I2C_transmitControllerData</STRONG> (Thumb, 22 bytes, Stack size 8 bytes, dl_i2c.o(.text.DL_I2C_transmitControllerData))
<BR><BR>[Stack]<UL><LI>Max Depth = 8<LI>Call Chain = DL_I2C_transmitControllerData
</UL>
<BR>[Called By]<UL><LI><a href="#[3f]">&gt;&gt;</a>&nbsp;&nbsp;&nbsp;DL_I2C_fillControllerTXFIFO
</UL>

<P><STRONG><a name="[43]"></a>DL_I2C_startFlushControllerTXFIFO</STRONG> (Thumb, 20 bytes, Stack size 4 bytes, dl_i2c.o(.text.DL_I2C_startFlushControllerTXFIFO))
<BR><BR>[Stack]<UL><LI>Max Depth = 4<LI>Call Chain = DL_I2C_startFlushControllerTXFIFO
</UL>
<BR>[Called By]<UL><LI><a href="#[42]">&gt;&gt;</a>&nbsp;&nbsp;&nbsp;DL_I2C_flushControllerTXFIFO
</UL>

<P><STRONG><a name="[44]"></a>DL_I2C_isControllerTXFIFOEmpty</STRONG> (Thumb, 28 bytes, Stack size 4 bytes, dl_i2c.o(.text.DL_I2C_isControllerTXFIFOEmpty))
<BR><BR>[Stack]<UL><LI>Max Depth = 4<LI>Call Chain = DL_I2C_isControllerTXFIFOEmpty
</UL>
<BR>[Called By]<UL><LI><a href="#[42]">&gt;&gt;</a>&nbsp;&nbsp;&nbsp;DL_I2C_flushControllerTXFIFO
</UL>

<P><STRONG><a name="[45]"></a>DL_I2C_stopFlushControllerTXFIFO</STRONG> (Thumb, 20 bytes, Stack size 4 bytes, dl_i2c.o(.text.DL_I2C_stopFlushControllerTXFIFO))
<BR><BR>[Stack]<UL><LI>Max Depth = 4<LI>Call Chain = DL_I2C_stopFlushControllerTXFIFO
</UL>
<BR>[Called By]<UL><LI><a href="#[42]">&gt;&gt;</a>&nbsp;&nbsp;&nbsp;DL_I2C_flushControllerTXFIFO
</UL>

<P><STRONG><a name="[51]"></a>DL_Timer_setLoadValue</STRONG> (Thumb, 20 bytes, Stack size 8 bytes, dl_timer.o(.text.DL_Timer_setLoadValue))
<BR><BR>[Stack]<UL><LI>Max Depth = 8<LI>Call Chain = DL_Timer_setLoadValue
</UL>
<BR>[Called By]<UL><LI><a href="#[50]">&gt;&gt;</a>&nbsp;&nbsp;&nbsp;DL_Timer_initTimerMode
</UL>

<P><STRONG><a name="[52]"></a>DL_Timer_setCounterValueAfterEnable</STRONG> (Thumb, 28 bytes, Stack size 16 bytes, dl_timer.o(.text.DL_Timer_setCounterValueAfterEnable))
<BR><BR>[Stack]<UL><LI>Max Depth = 32<LI>Call Chain = DL_Timer_setCounterValueAfterEnable &rArr; DL_Common_updateReg
</UL>
<BR>[Calls]<UL><LI><a href="#[55]">&gt;&gt;</a>&nbsp;&nbsp;&nbsp;DL_Common_updateReg
</UL>
<BR>[Called By]<UL><LI><a href="#[50]">&gt;&gt;</a>&nbsp;&nbsp;&nbsp;DL_Timer_initTimerMode
</UL>

<P><STRONG><a name="[55]"></a>DL_Common_updateReg</STRONG> (Thumb, 40 bytes, Stack size 16 bytes, dl_timer.o(.text.DL_Common_updateReg))
<BR><BR>[Stack]<UL><LI>Max Depth = 16<LI>Call Chain = DL_Common_updateReg
</UL>
<BR>[Called By]<UL><LI><a href="#[54]">&gt;&gt;</a>&nbsp;&nbsp;&nbsp;DL_Timer_setCaptureCompareCtl
<LI><a href="#[52]">&gt;&gt;</a>&nbsp;&nbsp;&nbsp;DL_Timer_setCounterValueAfterEnable
</UL>

<P><STRONG><a name="[58]"></a>DL_UART_disable</STRONG> (Thumb, 22 bytes, Stack size 4 bytes, dl_uart.o(.text.DL_UART_disable))
<BR><BR>[Stack]<UL><LI>Max Depth = 4<LI>Call Chain = DL_UART_disable
</UL>
<BR>[Called By]<UL><LI><a href="#[57]">&gt;&gt;</a>&nbsp;&nbsp;&nbsp;DL_UART_init
</UL>

<P><STRONG><a name="[59]"></a>DL_Common_updateReg</STRONG> (Thumb, 40 bytes, Stack size 16 bytes, dl_uart.o(.text.DL_Common_updateReg))
<BR><BR>[Stack]<UL><LI>Max Depth = 16<LI>Call Chain = DL_Common_updateReg
</UL>
<BR>[Called By]<UL><LI><a href="#[57]">&gt;&gt;</a>&nbsp;&nbsp;&nbsp;DL_UART_init
</UL>

<P><STRONG><a name="[5d]"></a>DL_UART_isTXFIFOFull</STRONG> (Thumb, 20 bytes, Stack size 4 bytes, dl_uart.o(.text.DL_UART_isTXFIFOFull))
<BR><BR>[Stack]<UL><LI>Max Depth = 4<LI>Call Chain = DL_UART_isTXFIFOFull
</UL>
<BR>[Called By]<UL><LI><a href="#[5c]">&gt;&gt;</a>&nbsp;&nbsp;&nbsp;DL_UART_transmitDataBlocking
</UL>

<P><STRONG><a name="[5e]"></a>DL_UART_transmitData</STRONG> (Thumb, 22 bytes, Stack size 8 bytes, dl_uart.o(.text.DL_UART_transmitData))
<BR><BR>[Stack]<UL><LI>Max Depth = 8<LI>Call Chain = DL_UART_transmitData
</UL>
<BR>[Called By]<UL><LI><a href="#[5c]">&gt;&gt;</a>&nbsp;&nbsp;&nbsp;DL_UART_transmitDataBlocking
</UL>
<P>
<H3>
Undefined Global Symbols
</H3>
<P><STRONG><a name="[2a]"></a>_call_atexit_fns</STRONG> (ARM, 0 bytes, Stack size 0 bytes, UNDEFINED)
<BR><BR>[Called By]<UL><LI><a href="#[1e]">&gt;&gt;</a>&nbsp;&nbsp;&nbsp;exit
</UL>
<HR></body></html>
